Archive member included to satisfy reference by file (symbol)

C:\Users\lenovo\Desktop\C4M\Program\test8\test8\test8\ASA_Lib.o(ASA_Lib_M128.o)
                              main.o (ASA_M128_set)
C:\Users\lenovo\Desktop\C4M\Program\test8\test8\test8\ASA_Lib.o(ASA_Lib_7S00.o)
                              main.o (ASA_7S00_put)
C:\Users\lenovo\Desktop\C4M\Program\test8\test8\test8\ASA_Lib.o(ASA_Lib_KB00.o)
                              main.o (ASA_KB00_set)
C:\Users\lenovo\Desktop\C4M\Program\test8\test8\test8\ASA_Lib.o(ASA_Core_UART.o)
                              C:\Users\lenovo\Desktop\C4M\Program\test8\test8\test8\ASA_Lib.o(ASA_Lib_M128.o) (timer1_set)
C:\Users\lenovo\Desktop\C4M\Program\test8\test8\test8\ASA_Lib.o(ASA_Core_Lib.o)
                              C:\Users\lenovo\Desktop\C4M\Program\test8\test8\test8\ASA_Lib.o(ASA_Lib_M128.o) (ASA_ID_set)
C:\Users\lenovo\Desktop\C4M\Program\test8\test8\test8\ASA_Lib.o(ASA_Lib_DIO.o)
                              C:\Users\lenovo\Desktop\C4M\Program\test8\test8\test8\ASA_Lib.o(ASA_Lib_KB00.o) (M128_DIO_set)
c:/program files (x86)/atmel/studio/7.0/toolchain/avr8/avr8-gnu-toolchain/bin/../lib/gcc/avr/5.4.0/avr51\libgcc.a(_divmodhi4.o)
                              main.o (__divmodhi4)
c:/program files (x86)/atmel/studio/7.0/toolchain/avr8/avr8-gnu-toolchain/bin/../lib/gcc/avr/5.4.0/avr51\libgcc.a(_exit.o)
                              C:/Program Files (x86)/Atmel/Studio/7.0/Packs/atmel/ATmega_DFP/1.2.209/gcc/dev/atmega128/avr51/crtatmega128.o (exit)
c:/program files (x86)/atmel/studio/7.0/toolchain/avr8/avr8-gnu-toolchain/bin/../lib/gcc/avr/5.4.0/avr51\libgcc.a(_tablejump2.o)
                              main.o (__tablejump2__)
c:/program files (x86)/atmel/studio/7.0/toolchain/avr8/avr8-gnu-toolchain/bin/../lib/gcc/avr/5.4.0/avr51\libgcc.a(_copy_data.o)
                              main.o (__do_copy_data)
c:/program files (x86)/atmel/studio/7.0/toolchain/avr8/avr8-gnu-toolchain/bin/../lib/gcc/avr/5.4.0/avr51\libgcc.a(_clear_bss.o)
                              main.o (__do_clear_bss)
c:/program files (x86)/atmel/studio/7.0/toolchain/avr8/avr8-gnu-toolchain/bin/../lib/gcc/avr/5.4.0/avr51\libgcc.a(_udivmodhi4.o)
                              c:/program files (x86)/atmel/studio/7.0/toolchain/avr8/avr8-gnu-toolchain/bin/../lib/gcc/avr/5.4.0/avr51\libgcc.a(_divmodhi4.o) (__udivmodhi4)
c:/program files (x86)/atmel/studio/7.0/toolchain/avr8/avr8-gnu-toolchain/bin/../lib/gcc/avr/5.4.0/../../../../avr/lib/avr51\libc.a(iob.o)
                              C:\Users\lenovo\Desktop\C4M\Program\test8\test8\test8\ASA_Lib.o(ASA_Lib_M128.o) (__iob)
c:/program files (x86)/atmel/studio/7.0/toolchain/avr8/avr8-gnu-toolchain/bin/../lib/gcc/avr/5.4.0/../../../../avr/lib/avr51\libc.a(printf.o)
                              main.o (printf)
c:/program files (x86)/atmel/studio/7.0/toolchain/avr8/avr8-gnu-toolchain/bin/../lib/gcc/avr/5.4.0/../../../../avr/lib/avr51\libc.a(vfprintf_std.o)
                              c:/program files (x86)/atmel/studio/7.0/toolchain/avr8/avr8-gnu-toolchain/bin/../lib/gcc/avr/5.4.0/../../../../avr/lib/avr51\libc.a(printf.o) (vfprintf)
c:/program files (x86)/atmel/studio/7.0/toolchain/avr8/avr8-gnu-toolchain/bin/../lib/gcc/avr/5.4.0/../../../../avr/lib/avr51\libc.a(strnlen_P.o)
                              c:/program files (x86)/atmel/studio/7.0/toolchain/avr8/avr8-gnu-toolchain/bin/../lib/gcc/avr/5.4.0/../../../../avr/lib/avr51\libc.a(vfprintf_std.o) (strnlen_P)
c:/program files (x86)/atmel/studio/7.0/toolchain/avr8/avr8-gnu-toolchain/bin/../lib/gcc/avr/5.4.0/../../../../avr/lib/avr51\libc.a(strnlen.o)
                              c:/program files (x86)/atmel/studio/7.0/toolchain/avr8/avr8-gnu-toolchain/bin/../lib/gcc/avr/5.4.0/../../../../avr/lib/avr51\libc.a(vfprintf_std.o) (strnlen)
c:/program files (x86)/atmel/studio/7.0/toolchain/avr8/avr8-gnu-toolchain/bin/../lib/gcc/avr/5.4.0/../../../../avr/lib/avr51\libc.a(fputc.o)
                              c:/program files (x86)/atmel/studio/7.0/toolchain/avr8/avr8-gnu-toolchain/bin/../lib/gcc/avr/5.4.0/../../../../avr/lib/avr51\libc.a(vfprintf_std.o) (fputc)
c:/program files (x86)/atmel/studio/7.0/toolchain/avr8/avr8-gnu-toolchain/bin/../lib/gcc/avr/5.4.0/../../../../avr/lib/avr51\libc.a(ultoa_invert.o)
                              c:/program files (x86)/atmel/studio/7.0/toolchain/avr8/avr8-gnu-toolchain/bin/../lib/gcc/avr/5.4.0/../../../../avr/lib/avr51\libc.a(vfprintf_std.o) (__ultoa_invert)

Allocating common symbols
Common symbol       size              file

_7S00_get_reg       0x8               C:\Users\lenovo\Desktop\C4M\Program\test8\test8\test8\ASA_Lib.o(ASA_Lib_7S00.o)
b                   0x1               main.o
_7S00_transmit_data
                    0x4               C:\Users\lenovo\Desktop\C4M\Program\test8\test8\test8\ASA_Lib.o(ASA_Lib_7S00.o)
_KB00_get_reg       0x8               C:\Users\lenovo\Desktop\C4M\Program\test8\test8\test8\ASA_Lib.o(ASA_Lib_KB00.o)
_7S00_put_reg       0x20              C:\Users\lenovo\Desktop\C4M\Program\test8\test8\test8\ASA_Lib.o(ASA_Lib_7S00.o)
ISR_Functioncounter
                    0x1               C:\Users\lenovo\Desktop\C4M\Program\test8\test8\test8\ASA_Lib.o(ASA_Lib_M128.o)
_KB00_set_reg       0x88              C:\Users\lenovo\Desktop\C4M\Program\test8\test8\test8\ASA_Lib.o(ASA_Lib_KB00.o)
a                   0x1               main.o
__iob               0x6               c:/program files (x86)/atmel/studio/7.0/toolchain/avr8/avr8-gnu-toolchain/bin/../lib/gcc/avr/5.4.0/../../../../avr/lib/avr51\libc.a(iob.o)
_KB00_put_reg       0x8               C:\Users\lenovo\Desktop\C4M\Program\test8\test8\test8\ASA_Lib.o(ASA_Lib_KB00.o)
_7S00_set_reg       0x8               C:\Users\lenovo\Desktop\C4M\Program\test8\test8\test8\ASA_Lib.o(ASA_Lib_7S00.o)

Discarded input sections

 .data          0x00000000        0x0 C:/Program Files (x86)/Atmel/Studio/7.0/Packs/atmel/ATmega_DFP/1.2.209/gcc/dev/atmega128/avr51/crtatmega128.o
 .bss           0x00000000        0x0 C:/Program Files (x86)/Atmel/Studio/7.0/Packs/atmel/ATmega_DFP/1.2.209/gcc/dev/atmega128/avr51/crtatmega128.o
 .text          0x00000000        0x0 main.o
 .data          0x00000000        0x0 main.o
 .bss           0x00000000        0x0 main.o
 .bss.EXtin     0x00000000        0x1 main.o
 .bss           0x00000000       0x14 C:\Users\lenovo\Desktop\C4M\Program\test8\test8\test8\ASA_Lib.o(ASA_Lib_M128.o)
 COMMON         0x00000000        0x1 C:\Users\lenovo\Desktop\C4M\Program\test8\test8\test8\ASA_Lib.o(ASA_Lib_M128.o)
 .bss           0x00000000        0x0 C:\Users\lenovo\Desktop\C4M\Program\test8\test8\test8\ASA_Lib.o(ASA_Lib_7S00.o)
 .data          0x00000000        0x0 C:\Users\lenovo\Desktop\C4M\Program\test8\test8\test8\ASA_Lib.o(ASA_Lib_KB00.o)
 .data          0x00000000        0x0 C:\Users\lenovo\Desktop\C4M\Program\test8\test8\test8\ASA_Lib.o(ASA_Core_Lib.o)
 .data          0x00000000        0x0 C:\Users\lenovo\Desktop\C4M\Program\test8\test8\test8\ASA_Lib.o(ASA_Lib_DIO.o)
 .bss           0x00000000        0x0 C:\Users\lenovo\Desktop\C4M\Program\test8\test8\test8\ASA_Lib.o(ASA_Lib_DIO.o)
 .text          0x00000000        0x0 c:/program files (x86)/atmel/studio/7.0/toolchain/avr8/avr8-gnu-toolchain/bin/../lib/gcc/avr/5.4.0/avr51\libgcc.a(_divmodhi4.o)
 .data          0x00000000        0x0 c:/program files (x86)/atmel/studio/7.0/toolchain/avr8/avr8-gnu-toolchain/bin/../lib/gcc/avr/5.4.0/avr51\libgcc.a(_divmodhi4.o)
 .bss           0x00000000        0x0 c:/program files (x86)/atmel/studio/7.0/toolchain/avr8/avr8-gnu-toolchain/bin/../lib/gcc/avr/5.4.0/avr51\libgcc.a(_divmodhi4.o)
 .text.libgcc.mul
                0x00000000        0x0 c:/program files (x86)/atmel/studio/7.0/toolchain/avr8/avr8-gnu-toolchain/bin/../lib/gcc/avr/5.4.0/avr51\libgcc.a(_divmodhi4.o)
 .text.libgcc   0x00000000        0x0 c:/program files (x86)/atmel/studio/7.0/toolchain/avr8/avr8-gnu-toolchain/bin/../lib/gcc/avr/5.4.0/avr51\libgcc.a(_divmodhi4.o)
 .text.libgcc.prologue
                0x00000000        0x0 c:/program files (x86)/atmel/studio/7.0/toolchain/avr8/avr8-gnu-toolchain/bin/../lib/gcc/avr/5.4.0/avr51\libgcc.a(_divmodhi4.o)
 .text.libgcc.builtins
                0x00000000        0x0 c:/program files (x86)/atmel/studio/7.0/toolchain/avr8/avr8-gnu-toolchain/bin/../lib/gcc/avr/5.4.0/avr51\libgcc.a(_divmodhi4.o)
 .text.libgcc.fmul
                0x00000000        0x0 c:/program files (x86)/atmel/studio/7.0/toolchain/avr8/avr8-gnu-toolchain/bin/../lib/gcc/avr/5.4.0/avr51\libgcc.a(_divmodhi4.o)
 .text.libgcc.fixed
                0x00000000        0x0 c:/program files (x86)/atmel/studio/7.0/toolchain/avr8/avr8-gnu-toolchain/bin/../lib/gcc/avr/5.4.0/avr51\libgcc.a(_divmodhi4.o)
 .text          0x00000000        0x0 c:/program files (x86)/atmel/studio/7.0/toolchain/avr8/avr8-gnu-toolchain/bin/../lib/gcc/avr/5.4.0/avr51\libgcc.a(_exit.o)
 .data          0x00000000        0x0 c:/program files (x86)/atmel/studio/7.0/toolchain/avr8/avr8-gnu-toolchain/bin/../lib/gcc/avr/5.4.0/avr51\libgcc.a(_exit.o)
 .bss           0x00000000        0x0 c:/program files (x86)/atmel/studio/7.0/toolchain/avr8/avr8-gnu-toolchain/bin/../lib/gcc/avr/5.4.0/avr51\libgcc.a(_exit.o)
 .text.libgcc.mul
                0x00000000        0x0 c:/program files (x86)/atmel/studio/7.0/toolchain/avr8/avr8-gnu-toolchain/bin/../lib/gcc/avr/5.4.0/avr51\libgcc.a(_exit.o)
 .text.libgcc.div
                0x00000000        0x0 c:/program files (x86)/atmel/studio/7.0/toolchain/avr8/avr8-gnu-toolchain/bin/../lib/gcc/avr/5.4.0/avr51\libgcc.a(_exit.o)
 .text.libgcc   0x00000000        0x0 c:/program files (x86)/atmel/studio/7.0/toolchain/avr8/avr8-gnu-toolchain/bin/../lib/gcc/avr/5.4.0/avr51\libgcc.a(_exit.o)
 .text.libgcc.prologue
                0x00000000        0x0 c:/program files (x86)/atmel/studio/7.0/toolchain/avr8/avr8-gnu-toolchain/bin/../lib/gcc/avr/5.4.0/avr51\libgcc.a(_exit.o)
 .text.libgcc.builtins
                0x00000000        0x0 c:/program files (x86)/atmel/studio/7.0/toolchain/avr8/avr8-gnu-toolchain/bin/../lib/gcc/avr/5.4.0/avr51\libgcc.a(_exit.o)
 .text.libgcc.fmul
                0x00000000        0x0 c:/program files (x86)/atmel/studio/7.0/toolchain/avr8/avr8-gnu-toolchain/bin/../lib/gcc/avr/5.4.0/avr51\libgcc.a(_exit.o)
 .text.libgcc.fixed
                0x00000000        0x0 c:/program files (x86)/atmel/studio/7.0/toolchain/avr8/avr8-gnu-toolchain/bin/../lib/gcc/avr/5.4.0/avr51\libgcc.a(_exit.o)
 .text          0x00000000        0x0 c:/program files (x86)/atmel/studio/7.0/toolchain/avr8/avr8-gnu-toolchain/bin/../lib/gcc/avr/5.4.0/avr51\libgcc.a(_tablejump2.o)
 .data          0x00000000        0x0 c:/program files (x86)/atmel/studio/7.0/toolchain/avr8/avr8-gnu-toolchain/bin/../lib/gcc/avr/5.4.0/avr51\libgcc.a(_tablejump2.o)
 .bss           0x00000000        0x0 c:/program files (x86)/atmel/studio/7.0/toolchain/avr8/avr8-gnu-toolchain/bin/../lib/gcc/avr/5.4.0/avr51\libgcc.a(_tablejump2.o)
 .text.libgcc.mul
                0x00000000        0x0 c:/program files (x86)/atmel/studio/7.0/toolchain/avr8/avr8-gnu-toolchain/bin/../lib/gcc/avr/5.4.0/avr51\libgcc.a(_tablejump2.o)
 .text.libgcc.div
                0x00000000        0x0 c:/program files (x86)/atmel/studio/7.0/toolchain/avr8/avr8-gnu-toolchain/bin/../lib/gcc/avr/5.4.0/avr51\libgcc.a(_tablejump2.o)
 .text.libgcc.prologue
                0x00000000        0x0 c:/program files (x86)/atmel/studio/7.0/toolchain/avr8/avr8-gnu-toolchain/bin/../lib/gcc/avr/5.4.0/avr51\libgcc.a(_tablejump2.o)
 .text.libgcc.builtins
                0x00000000        0x0 c:/program files (x86)/atmel/studio/7.0/toolchain/avr8/avr8-gnu-toolchain/bin/../lib/gcc/avr/5.4.0/avr51\libgcc.a(_tablejump2.o)
 .text.libgcc.fmul
                0x00000000        0x0 c:/program files (x86)/atmel/studio/7.0/toolchain/avr8/avr8-gnu-toolchain/bin/../lib/gcc/avr/5.4.0/avr51\libgcc.a(_tablejump2.o)
 .text.libgcc.fixed
                0x00000000        0x0 c:/program files (x86)/atmel/studio/7.0/toolchain/avr8/avr8-gnu-toolchain/bin/../lib/gcc/avr/5.4.0/avr51\libgcc.a(_tablejump2.o)
 .text          0x00000000        0x0 c:/program files (x86)/atmel/studio/7.0/toolchain/avr8/avr8-gnu-toolchain/bin/../lib/gcc/avr/5.4.0/avr51\libgcc.a(_copy_data.o)
 .data          0x00000000        0x0 c:/program files (x86)/atmel/studio/7.0/toolchain/avr8/avr8-gnu-toolchain/bin/../lib/gcc/avr/5.4.0/avr51\libgcc.a(_copy_data.o)
 .bss           0x00000000        0x0 c:/program files (x86)/atmel/studio/7.0/toolchain/avr8/avr8-gnu-toolchain/bin/../lib/gcc/avr/5.4.0/avr51\libgcc.a(_copy_data.o)
 .text.libgcc.mul
                0x00000000        0x0 c:/program files (x86)/atmel/studio/7.0/toolchain/avr8/avr8-gnu-toolchain/bin/../lib/gcc/avr/5.4.0/avr51\libgcc.a(_copy_data.o)
 .text.libgcc.div
                0x00000000        0x0 c:/program files (x86)/atmel/studio/7.0/toolchain/avr8/avr8-gnu-toolchain/bin/../lib/gcc/avr/5.4.0/avr51\libgcc.a(_copy_data.o)
 .text.libgcc   0x00000000        0x0 c:/program files (x86)/atmel/studio/7.0/toolchain/avr8/avr8-gnu-toolchain/bin/../lib/gcc/avr/5.4.0/avr51\libgcc.a(_copy_data.o)
 .text.libgcc.prologue
                0x00000000        0x0 c:/program files (x86)/atmel/studio/7.0/toolchain/avr8/avr8-gnu-toolchain/bin/../lib/gcc/avr/5.4.0/avr51\libgcc.a(_copy_data.o)
 .text.libgcc.builtins
                0x00000000        0x0 c:/program files (x86)/atmel/studio/7.0/toolchain/avr8/avr8-gnu-toolchain/bin/../lib/gcc/avr/5.4.0/avr51\libgcc.a(_copy_data.o)
 .text.libgcc.fmul
                0x00000000        0x0 c:/program files (x86)/atmel/studio/7.0/toolchain/avr8/avr8-gnu-toolchain/bin/../lib/gcc/avr/5.4.0/avr51\libgcc.a(_copy_data.o)
 .text.libgcc.fixed
                0x00000000        0x0 c:/program files (x86)/atmel/studio/7.0/toolchain/avr8/avr8-gnu-toolchain/bin/../lib/gcc/avr/5.4.0/avr51\libgcc.a(_copy_data.o)
 .text          0x00000000        0x0 c:/program files (x86)/atmel/studio/7.0/toolchain/avr8/avr8-gnu-toolchain/bin/../lib/gcc/avr/5.4.0/avr51\libgcc.a(_clear_bss.o)
 .data          0x00000000        0x0 c:/program files (x86)/atmel/studio/7.0/toolchain/avr8/avr8-gnu-toolchain/bin/../lib/gcc/avr/5.4.0/avr51\libgcc.a(_clear_bss.o)
 .bss           0x00000000        0x0 c:/program files (x86)/atmel/studio/7.0/toolchain/avr8/avr8-gnu-toolchain/bin/../lib/gcc/avr/5.4.0/avr51\libgcc.a(_clear_bss.o)
 .text.libgcc.mul
                0x00000000        0x0 c:/program files (x86)/atmel/studio/7.0/toolchain/avr8/avr8-gnu-toolchain/bin/../lib/gcc/avr/5.4.0/avr51\libgcc.a(_clear_bss.o)
 .text.libgcc.div
                0x00000000        0x0 c:/program files (x86)/atmel/studio/7.0/toolchain/avr8/avr8-gnu-toolchain/bin/../lib/gcc/avr/5.4.0/avr51\libgcc.a(_clear_bss.o)
 .text.libgcc   0x00000000        0x0 c:/program files (x86)/atmel/studio/7.0/toolchain/avr8/avr8-gnu-toolchain/bin/../lib/gcc/avr/5.4.0/avr51\libgcc.a(_clear_bss.o)
 .text.libgcc.prologue
                0x00000000        0x0 c:/program files (x86)/atmel/studio/7.0/toolchain/avr8/avr8-gnu-toolchain/bin/../lib/gcc/avr/5.4.0/avr51\libgcc.a(_clear_bss.o)
 .text.libgcc.builtins
                0x00000000        0x0 c:/program files (x86)/atmel/studio/7.0/toolchain/avr8/avr8-gnu-toolchain/bin/../lib/gcc/avr/5.4.0/avr51\libgcc.a(_clear_bss.o)
 .text.libgcc.fmul
                0x00000000        0x0 c:/program files (x86)/atmel/studio/7.0/toolchain/avr8/avr8-gnu-toolchain/bin/../lib/gcc/avr/5.4.0/avr51\libgcc.a(_clear_bss.o)
 .text.libgcc.fixed
                0x00000000        0x0 c:/program files (x86)/atmel/studio/7.0/toolchain/avr8/avr8-gnu-toolchain/bin/../lib/gcc/avr/5.4.0/avr51\libgcc.a(_clear_bss.o)
 .text          0x00000000        0x0 c:/program files (x86)/atmel/studio/7.0/toolchain/avr8/avr8-gnu-toolchain/bin/../lib/gcc/avr/5.4.0/avr51\libgcc.a(_udivmodhi4.o)
 .data          0x00000000        0x0 c:/program files (x86)/atmel/studio/7.0/toolchain/avr8/avr8-gnu-toolchain/bin/../lib/gcc/avr/5.4.0/avr51\libgcc.a(_udivmodhi4.o)
 .bss           0x00000000        0x0 c:/program files (x86)/atmel/studio/7.0/toolchain/avr8/avr8-gnu-toolchain/bin/../lib/gcc/avr/5.4.0/avr51\libgcc.a(_udivmodhi4.o)
 .text.libgcc.mul
                0x00000000        0x0 c:/program files (x86)/atmel/studio/7.0/toolchain/avr8/avr8-gnu-toolchain/bin/../lib/gcc/avr/5.4.0/avr51\libgcc.a(_udivmodhi4.o)
 .text.libgcc   0x00000000        0x0 c:/program files (x86)/atmel/studio/7.0/toolchain/avr8/avr8-gnu-toolchain/bin/../lib/gcc/avr/5.4.0/avr51\libgcc.a(_udivmodhi4.o)
 .text.libgcc.prologue
                0x00000000        0x0 c:/program files (x86)/atmel/studio/7.0/toolchain/avr8/avr8-gnu-toolchain/bin/../lib/gcc/avr/5.4.0/avr51\libgcc.a(_udivmodhi4.o)
 .text.libgcc.builtins
                0x00000000        0x0 c:/program files (x86)/atmel/studio/7.0/toolchain/avr8/avr8-gnu-toolchain/bin/../lib/gcc/avr/5.4.0/avr51\libgcc.a(_udivmodhi4.o)
 .text.libgcc.fmul
                0x00000000        0x0 c:/program files (x86)/atmel/studio/7.0/toolchain/avr8/avr8-gnu-toolchain/bin/../lib/gcc/avr/5.4.0/avr51\libgcc.a(_udivmodhi4.o)
 .text.libgcc.fixed
                0x00000000        0x0 c:/program files (x86)/atmel/studio/7.0/toolchain/avr8/avr8-gnu-toolchain/bin/../lib/gcc/avr/5.4.0/avr51\libgcc.a(_udivmodhi4.o)
 .text          0x00000000        0x0 c:/program files (x86)/atmel/studio/7.0/toolchain/avr8/avr8-gnu-toolchain/bin/../lib/gcc/avr/5.4.0/../../../../avr/lib/avr51\libc.a(iob.o)
 .data          0x00000000        0x0 c:/program files (x86)/atmel/studio/7.0/toolchain/avr8/avr8-gnu-toolchain/bin/../lib/gcc/avr/5.4.0/../../../../avr/lib/avr51\libc.a(iob.o)
 .bss           0x00000000        0x0 c:/program files (x86)/atmel/studio/7.0/toolchain/avr8/avr8-gnu-toolchain/bin/../lib/gcc/avr/5.4.0/../../../../avr/lib/avr51\libc.a(iob.o)
 .text          0x00000000        0x0 c:/program files (x86)/atmel/studio/7.0/toolchain/avr8/avr8-gnu-toolchain/bin/../lib/gcc/avr/5.4.0/../../../../avr/lib/avr51\libc.a(printf.o)
 .data          0x00000000        0x0 c:/program files (x86)/atmel/studio/7.0/toolchain/avr8/avr8-gnu-toolchain/bin/../lib/gcc/avr/5.4.0/../../../../avr/lib/avr51\libc.a(printf.o)
 .bss           0x00000000        0x0 c:/program files (x86)/atmel/studio/7.0/toolchain/avr8/avr8-gnu-toolchain/bin/../lib/gcc/avr/5.4.0/../../../../avr/lib/avr51\libc.a(printf.o)
 .text          0x00000000        0x0 c:/program files (x86)/atmel/studio/7.0/toolchain/avr8/avr8-gnu-toolchain/bin/../lib/gcc/avr/5.4.0/../../../../avr/lib/avr51\libc.a(vfprintf_std.o)
 .data          0x00000000        0x0 c:/program files (x86)/atmel/studio/7.0/toolchain/avr8/avr8-gnu-toolchain/bin/../lib/gcc/avr/5.4.0/../../../../avr/lib/avr51\libc.a(vfprintf_std.o)
 .bss           0x00000000        0x0 c:/program files (x86)/atmel/studio/7.0/toolchain/avr8/avr8-gnu-toolchain/bin/../lib/gcc/avr/5.4.0/../../../../avr/lib/avr51\libc.a(vfprintf_std.o)
 .text          0x00000000        0x0 c:/program files (x86)/atmel/studio/7.0/toolchain/avr8/avr8-gnu-toolchain/bin/../lib/gcc/avr/5.4.0/../../../../avr/lib/avr51\libc.a(strnlen_P.o)
 .data          0x00000000        0x0 c:/program files (x86)/atmel/studio/7.0/toolchain/avr8/avr8-gnu-toolchain/bin/../lib/gcc/avr/5.4.0/../../../../avr/lib/avr51\libc.a(strnlen_P.o)
 .bss           0x00000000        0x0 c:/program files (x86)/atmel/studio/7.0/toolchain/avr8/avr8-gnu-toolchain/bin/../lib/gcc/avr/5.4.0/../../../../avr/lib/avr51\libc.a(strnlen_P.o)
 .text          0x00000000        0x0 c:/program files (x86)/atmel/studio/7.0/toolchain/avr8/avr8-gnu-toolchain/bin/../lib/gcc/avr/5.4.0/../../../../avr/lib/avr51\libc.a(strnlen.o)
 .data          0x00000000        0x0 c:/program files (x86)/atmel/studio/7.0/toolchain/avr8/avr8-gnu-toolchain/bin/../lib/gcc/avr/5.4.0/../../../../avr/lib/avr51\libc.a(strnlen.o)
 .bss           0x00000000        0x0 c:/program files (x86)/atmel/studio/7.0/toolchain/avr8/avr8-gnu-toolchain/bin/../lib/gcc/avr/5.4.0/../../../../avr/lib/avr51\libc.a(strnlen.o)
 .text          0x00000000        0x0 c:/program files (x86)/atmel/studio/7.0/toolchain/avr8/avr8-gnu-toolchain/bin/../lib/gcc/avr/5.4.0/../../../../avr/lib/avr51\libc.a(fputc.o)
 .data          0x00000000        0x0 c:/program files (x86)/atmel/studio/7.0/toolchain/avr8/avr8-gnu-toolchain/bin/../lib/gcc/avr/5.4.0/../../../../avr/lib/avr51\libc.a(fputc.o)
 .bss           0x00000000        0x0 c:/program files (x86)/atmel/studio/7.0/toolchain/avr8/avr8-gnu-toolchain/bin/../lib/gcc/avr/5.4.0/../../../../avr/lib/avr51\libc.a(fputc.o)
 .text          0x00000000        0x0 c:/program files (x86)/atmel/studio/7.0/toolchain/avr8/avr8-gnu-toolchain/bin/../lib/gcc/avr/5.4.0/../../../../avr/lib/avr51\libc.a(ultoa_invert.o)
 .data          0x00000000        0x0 c:/program files (x86)/atmel/studio/7.0/toolchain/avr8/avr8-gnu-toolchain/bin/../lib/gcc/avr/5.4.0/../../../../avr/lib/avr51\libc.a(ultoa_invert.o)
 .bss           0x00000000        0x0 c:/program files (x86)/atmel/studio/7.0/toolchain/avr8/avr8-gnu-toolchain/bin/../lib/gcc/avr/5.4.0/../../../../avr/lib/avr51\libc.a(ultoa_invert.o)

Memory Configuration

Name             Origin             Length             Attributes
text             0x00000000         0x00020000         xr
data             0x00800100         0x0000ff00         rw !x
eeprom           0x00810000         0x00010000         rw !x
fuse             0x00820000         0x00000003         rw !x
lock             0x00830000         0x00000400         rw !x
signature        0x00840000         0x00000400         rw !x
user_signatures  0x00850000         0x00000400         rw !x
*default*        0x00000000         0xffffffff

Linker script and memory map

Address of section .data set to 0x800100
LOAD C:/Program Files (x86)/Atmel/Studio/7.0/Packs/atmel/ATmega_DFP/1.2.209/gcc/dev/atmega128/avr51/crtatmega128.o
LOAD main.o
START GROUP
LOAD c:/program files (x86)/atmel/studio/7.0/toolchain/avr8/avr8-gnu-toolchain/bin/../lib/gcc/avr/5.4.0/../../../../avr/lib/avr51\libm.a
END GROUP
LOAD C:\Users\lenovo\Desktop\C4M\Program\test8\test8\test8\ASA_Lib.o
START GROUP
LOAD c:/program files (x86)/atmel/studio/7.0/toolchain/avr8/avr8-gnu-toolchain/bin/../lib/gcc/avr/5.4.0/avr51\libgcc.a
LOAD c:/program files (x86)/atmel/studio/7.0/toolchain/avr8/avr8-gnu-toolchain/bin/../lib/gcc/avr/5.4.0/../../../../avr/lib/avr51\libm.a
LOAD c:/program files (x86)/atmel/studio/7.0/toolchain/avr8/avr8-gnu-toolchain/bin/../lib/gcc/avr/5.4.0/../../../../avr/lib/avr51\libc.a
LOAD C:/Program Files (x86)/Atmel/Studio/7.0/Packs/atmel/ATmega_DFP/1.2.209/gcc/dev/atmega128/avr51\libatmega128.a
END GROUP
                0x00020000                __TEXT_REGION_LENGTH__ = DEFINED (__TEXT_REGION_LENGTH__)?__TEXT_REGION_LENGTH__:0x20000
                0x0000ff00                __DATA_REGION_LENGTH__ = DEFINED (__DATA_REGION_LENGTH__)?__DATA_REGION_LENGTH__:0xff00
                0x00010000                __EEPROM_REGION_LENGTH__ = DEFINED (__EEPROM_REGION_LENGTH__)?__EEPROM_REGION_LENGTH__:0x10000
                [0x00000003]                __FUSE_REGION_LENGTH__ = DEFINED (__FUSE_REGION_LENGTH__)?__FUSE_REGION_LENGTH__:0x400
                0x00000400                __LOCK_REGION_LENGTH__ = DEFINED (__LOCK_REGION_LENGTH__)?__LOCK_REGION_LENGTH__:0x400
                0x00000400                __SIGNATURE_REGION_LENGTH__ = DEFINED (__SIGNATURE_REGION_LENGTH__)?__SIGNATURE_REGION_LENGTH__:0x400
                0x00000400                __USER_SIGNATURE_REGION_LENGTH__ = DEFINED (__USER_SIGNATURE_REGION_LENGTH__)?__USER_SIGNATURE_REGION_LENGTH__:0x400

.hash
 *(.hash)

.dynsym
 *(.dynsym)

.dynstr
 *(.dynstr)

.gnu.version
 *(.gnu.version)

.gnu.version_d
 *(.gnu.version_d)

.gnu.version_r
 *(.gnu.version_r)

.rel.init
 *(.rel.init)

.rela.init
 *(.rela.init)

.rel.text
 *(.rel.text)
 *(.rel.text.*)
 *(.rel.gnu.linkonce.t*)

.rela.text
 *(.rela.text)
 *(.rela.text.*)
 *(.rela.gnu.linkonce.t*)

.rel.fini
 *(.rel.fini)

.rela.fini
 *(.rela.fini)

.rel.rodata
 *(.rel.rodata)
 *(.rel.rodata.*)
 *(.rel.gnu.linkonce.r*)

.rela.rodata
 *(.rela.rodata)
 *(.rela.rodata.*)
 *(.rela.gnu.linkonce.r*)

.rel.data
 *(.rel.data)
 *(.rel.data.*)
 *(.rel.gnu.linkonce.d*)

.rela.data
 *(.rela.data)
 *(.rela.data.*)
 *(.rela.gnu.linkonce.d*)

.rel.ctors
 *(.rel.ctors)

.rela.ctors
 *(.rela.ctors)

.rel.dtors
 *(.rel.dtors)

.rela.dtors
 *(.rela.dtors)

.rel.got
 *(.rel.got)

.rela.got
 *(.rela.got)

.rel.bss
 *(.rel.bss)

.rela.bss
 *(.rela.bss)

.rel.plt
 *(.rel.plt)

.rela.plt
 *(.rela.plt)

.text           0x00000000     0x336e
 *(.vectors)
 .vectors       0x00000000       0x8c C:/Program Files (x86)/Atmel/Studio/7.0/Packs/atmel/ATmega_DFP/1.2.209/gcc/dev/atmega128/avr51/crtatmega128.o
                0x00000000                __vector_default
                0x00000000                __vectors
 *(.vectors)
 *(.progmem.gcc*)
 .progmem.gcc_sw_table.keyresoure
                0x0000008c       0x2c main.o
                0x000000b8                . = ALIGN (0x2)
                0x000000b8                __trampolines_start = .
 *(.trampolines)
 .trampolines   0x000000b8        0x0 linker stubs
 *(.trampolines*)
                0x000000b8                __trampolines_end = .
 *libprintf_flt.a:*(.progmem.data)
 *libc.a:*(.progmem.data)
 *(.progmem*)
 .progmem.data  0x000000b8       0x60 C:\Users\lenovo\Desktop\C4M\Program\test8\test8\test8\ASA_Lib.o(ASA_Lib_7S00.o)
                0x000000b8                flash_7S00_ASCII_table
 .progmem.data  0x00000118       0x10 C:\Users\lenovo\Desktop\C4M\Program\test8\test8\test8\ASA_Lib.o(ASA_Lib_KB00.o)
                0x00000118                flash_KB00_ASCII_table
                0x00000128                . = ALIGN (0x2)
 *(.jumptables)
 *(.jumptables*)
 *(.lowtext)
 *(.lowtext*)
                0x00000128                __ctors_start = .
 *(.ctors)
                0x00000128                __ctors_end = .
                0x00000128                __dtors_start = .
 *(.dtors)
                0x00000128                __dtors_end = .
 SORT(*)(.ctors)
 SORT(*)(.dtors)
 *(.init0)
 .init0         0x00000128        0x0 C:/Program Files (x86)/Atmel/Studio/7.0/Packs/atmel/ATmega_DFP/1.2.209/gcc/dev/atmega128/avr51/crtatmega128.o
                0x00000128                __init
 *(.init0)
 *(.init1)
 *(.init1)
 *(.init2)
 .init2         0x00000128        0xc C:/Program Files (x86)/Atmel/Studio/7.0/Packs/atmel/ATmega_DFP/1.2.209/gcc/dev/atmega128/avr51/crtatmega128.o
 *(.init2)
 *(.init3)
 *(.init3)
 *(.init4)
 .init4         0x00000134       0x1a c:/program files (x86)/atmel/studio/7.0/toolchain/avr8/avr8-gnu-toolchain/bin/../lib/gcc/avr/5.4.0/avr51\libgcc.a(_copy_data.o)
                0x00000134                __do_copy_data
 .init4         0x0000014e       0x10 c:/program files (x86)/atmel/studio/7.0/toolchain/avr8/avr8-gnu-toolchain/bin/../lib/gcc/avr/5.4.0/avr51\libgcc.a(_clear_bss.o)
                0x0000014e                __do_clear_bss
 *(.init4)
 *(.init5)
 *(.init5)
 *(.init6)
 *(.init6)
 *(.init7)
 *(.init7)
 *(.init8)
 *(.init8)
 *(.init9)
 .init9         0x0000015e        0x8 C:/Program Files (x86)/Atmel/Studio/7.0/Packs/atmel/ATmega_DFP/1.2.209/gcc/dev/atmega128/avr51/crtatmega128.o
 *(.init9)
 *(.text)
 .text          0x00000166        0x2 C:/Program Files (x86)/Atmel/Studio/7.0/Packs/atmel/ATmega_DFP/1.2.209/gcc/dev/atmega128/avr51/crtatmega128.o
                0x00000166                __vector_22
                0x00000166                __vector_28
                0x00000166                __vector_1
                0x00000166                __vector_34
                0x00000166                __vector_24
                0x00000166                __bad_interrupt
                0x00000166                __vector_31
                0x00000166                __vector_3
                0x00000166                __vector_23
                0x00000166                __vector_25
                0x00000166                __vector_11
                0x00000166                __vector_13
                0x00000166                __vector_17
                0x00000166                __vector_19
                0x00000166                __vector_7
                0x00000166                __vector_27
                0x00000166                __vector_5
                0x00000166                __vector_33
                0x00000166                __vector_4
                0x00000166                __vector_9
                0x00000166                __vector_2
                0x00000166                __vector_21
                0x00000166                __vector_15
                0x00000166                __vector_29
                0x00000166                __vector_8
                0x00000166                __vector_26
                0x00000166                __vector_14
                0x00000166                __vector_10
                0x00000166                __vector_16
                0x00000166                __vector_18
                0x00000166                __vector_20
 .text          0x00000168      0x44a C:\Users\lenovo\Desktop\C4M\Program\test8\test8\test8\ASA_Lib.o(ASA_Lib_M128.o)
                0x00000168                stdio_putchar
                0x00000182                stdio_getchar
                0x00000198                DIO_fpt
                0x00000220                DIO_fgt
                0x000002e8                HMI_Transceiver_get
                0x00000368                HMI_Structure_get
                0x00000430                HMI_Structure_put
                0x000004f8                HMI_Transceiver_put
                0x00000556                ASA_M128_set
 .text          0x000005b2      0x3b6 C:\Users\lenovo\Desktop\C4M\Program\test8\test8\test8\ASA_Lib.o(ASA_Lib_7S00.o)
                0x000005b2                ASA_7S00_get
                0x0000062e                UART_7S00_Transfer
                0x00000832                ASA_7S00_put
                0x000008f6                ASA_7S00_set
 .text          0x00000968      0x2ca C:\Users\lenovo\Desktop\C4M\Program\test8\test8\test8\ASA_Lib.o(ASA_Lib_KB00.o)
                0x00000968                SPI_KB00_Init
                0x00000972                ASA_KB00_set
                0x00000a22                SPI_KB00_Receive
                0x00000a2c                ASA_KB00_get
                0x00000bb8                SPI_KB00_GetData
                0x00000c2c                SPI_KB00_Transfer
 .text          0x00000c32     0x107a C:\Users\lenovo\Desktop\C4M\Program\test8\test8\test8\ASA_Lib.o(ASA_Core_UART.o)
                0x00000c32                FrcStSw
                0x00000c38                EnUnpk
                0x00000c48                DisUnpk
                0x00000c54                timer1_set
                0x00000c74                RstTimeout
                0x00000c7c                BatchBuffer_put
                0x00000d06                BatchBuffer_get
                0x00000daa                __vector_32
                0x00000e1e                BatchBuffer_full
                0x00000e26                BatchBuffer_clear
                0x00000e40                __vector_30
                0x00000fb4                __vector_12
                0x00001066                ASA_RS485_fgt
                0x000011b2                ASA_RS485_fpt
                0x000012f4                ASA_RS485_get
                0x0000145e                ASA_RS485_put
                0x00001594                ASA_RS485_set
                0x000016d4                ASA_UART_fgt
                0x00001802                ASA_UART_fpt
                0x00001926                ASA_UART_get
                0x00001a72                ASA_UART_put
                0x00001b8a                ASA_UART_set
 .text          0x00001cac      0x3f8 C:\Users\lenovo\Desktop\C4M\Program\test8\test8\test8\ASA_Lib.o(ASA_Core_Lib.o)
                0x00001cac                ASA_ID_check
                0x00001cb8                ASA_ID_set
                0x00001cd4                UART1_putchar
                0x00001cec                UART1_getchar
                0x00001cfa                SPI_Transfer
                0x00001d04                SPI_Receive
                0x00001d0e                ASA_putchar
                0x00001d36                ASA_getchar
                0x00001d72                PC_putchar
                0x00001d7a                PC_getchar
                0x00001d82                TWI_ERROR
                0x00001d8a                TWI_Start
                0x00001db0                TWI_Stop
                0x00001db8                TWI_ReStart
                0x00001dde                TWI_SendSLAW
                0x00001e08                TWI_SendSLAR
                0x00001e30                TWI_TransmitData
                0x00001e54                TWI_ReceiveData
                0x00001e78                TWI_SendNoAck
                0x00001e98                TWI_wr
                0x00001ec0                TWI_rd
                0x00001eec                TWI_initialize
                0x00001ef2                TWI_Write
                0x00001f96                TWI_Read
 .text          0x000020a4      0x45c C:\Users\lenovo\Desktop\C4M\Program\test8\test8\test8\ASA_Lib.o(ASA_Lib_DIO.o)
                0x000020a4                M128_DIO_set
                0x00002232                M128_DIO_put
                0x000022ae                M128_DIO_get
                0x00002340                M128_DIO_fpt
                0x0000245c                M128_DIO_fgt
                0x00002500                . = ALIGN (0x2)
 *(.text.*)
 .text.main     0x00002500       0x8e main.o
                0x00002500                main
 .text.keyresoure
                0x0000258e       0x7a main.o
                0x0000258e                keyresoure
 .text.counting
                0x00002608       0xb6 main.o
                0x00002608                counting
 .text.calculate
                0x000026be      0x344 main.o
                0x000026be                calculate
 .text.printfdata
                0x00002a02      0x1a6 main.o
                0x00002a02                printfdata
 .text.__vector_6
                0x00002ba8      0x1e2 main.o
                0x00002ba8                __vector_6
 .text.libgcc.div
                0x00002d8a       0x26 c:/program files (x86)/atmel/studio/7.0/toolchain/avr8/avr8-gnu-toolchain/bin/../lib/gcc/avr/5.4.0/avr51\libgcc.a(_divmodhi4.o)
                0x00002d8a                _div
                0x00002d8a                __divmodhi4
 .text.libgcc   0x00002db0       0x12 c:/program files (x86)/atmel/studio/7.0/toolchain/avr8/avr8-gnu-toolchain/bin/../lib/gcc/avr/5.4.0/avr51\libgcc.a(_tablejump2.o)
                0x00002db0                __tablejump2__
 .text.libgcc.div
                0x00002dc2       0x28 c:/program files (x86)/atmel/studio/7.0/toolchain/avr8/avr8-gnu-toolchain/bin/../lib/gcc/avr/5.4.0/avr51\libgcc.a(_udivmodhi4.o)
                0x00002dc2                __udivmodhi4
 .text.avr-libc
                0x00002dea       0x26 c:/program files (x86)/atmel/studio/7.0/toolchain/avr8/avr8-gnu-toolchain/bin/../lib/gcc/avr/5.4.0/../../../../avr/lib/avr51\libc.a(printf.o)
                0x00002dea                printf
 .text.avr-libc
                0x00002e10      0x3fa c:/program files (x86)/atmel/studio/7.0/toolchain/avr8/avr8-gnu-toolchain/bin/../lib/gcc/avr/5.4.0/../../../../avr/lib/avr51\libc.a(vfprintf_std.o)
                0x00002e10                vfprintf
 .text.avr-libc
                0x0000320a       0x16 c:/program files (x86)/atmel/studio/7.0/toolchain/avr8/avr8-gnu-toolchain/bin/../lib/gcc/avr/5.4.0/../../../../avr/lib/avr51\libc.a(strnlen_P.o)
                0x0000320a                strnlen_P
 .text.avr-libc
                0x00003220       0x16 c:/program files (x86)/atmel/studio/7.0/toolchain/avr8/avr8-gnu-toolchain/bin/../lib/gcc/avr/5.4.0/../../../../avr/lib/avr51\libc.a(strnlen.o)
                0x00003220                strnlen
 .text.avr-libc
                0x00003236       0x78 c:/program files (x86)/atmel/studio/7.0/toolchain/avr8/avr8-gnu-toolchain/bin/../lib/gcc/avr/5.4.0/../../../../avr/lib/avr51\libc.a(fputc.o)
                0x00003236                fputc
 .text.avr-libc
                0x000032ae       0xbc c:/program files (x86)/atmel/studio/7.0/toolchain/avr8/avr8-gnu-toolchain/bin/../lib/gcc/avr/5.4.0/../../../../avr/lib/avr51\libc.a(ultoa_invert.o)
                0x000032ae                __ultoa_invert
                0x0000336a                . = ALIGN (0x2)
 *(.fini9)
 .fini9         0x0000336a        0x0 c:/program files (x86)/atmel/studio/7.0/toolchain/avr8/avr8-gnu-toolchain/bin/../lib/gcc/avr/5.4.0/avr51\libgcc.a(_exit.o)
                0x0000336a                _exit
                0x0000336a                exit
 *(.fini9)
 *(.fini8)
 *(.fini8)
 *(.fini7)
 *(.fini7)
 *(.fini6)
 *(.fini6)
 *(.fini5)
 *(.fini5)
 *(.fini4)
 *(.fini4)
 *(.fini3)
 *(.fini3)
 *(.fini2)
 *(.fini2)
 *(.fini1)
 *(.fini1)
 *(.fini0)
 .fini0         0x0000336a        0x4 c:/program files (x86)/atmel/studio/7.0/toolchain/avr8/avr8-gnu-toolchain/bin/../lib/gcc/avr/5.4.0/avr51\libgcc.a(_exit.o)
 *(.fini0)
                0x0000336e                _etext = .

.data           0x00800100       0x64 load address 0x0000336e
                0x00800100                PROVIDE (__data_start, .)
 *(.data)
 .data          0x00800100        0xe C:\Users\lenovo\Desktop\C4M\Program\test8\test8\test8\ASA_Lib.o(ASA_Lib_M128.o)
 .data          0x0080010e        0x6 C:\Users\lenovo\Desktop\C4M\Program\test8\test8\test8\ASA_Lib.o(ASA_Lib_7S00.o)
 .data          0x00800114       0x48 C:\Users\lenovo\Desktop\C4M\Program\test8\test8\test8\ASA_Lib.o(ASA_Core_UART.o)
 *(.data*)
 *(.gnu.linkonce.d*)
 *(.rodata)
 *(.rodata*)
 .rodata.str1.1
                0x0080015c        0x8 main.o
 *(.gnu.linkonce.r*)
                0x00800164                . = ALIGN (0x2)
                0x00800164                _edata = .
                0x00800164                PROVIDE (__data_end, .)

.bss            0x00800164      0x163
                0x00800164                PROVIDE (__bss_start, .)
 *(.bss)
 .bss           0x00800164       0x20 C:\Users\lenovo\Desktop\C4M\Program\test8\test8\test8\ASA_Lib.o(ASA_Lib_KB00.o)
                0x00800164                _KB00_set_flag
 .bss           0x00800184       0x57 C:\Users\lenovo\Desktop\C4M\Program\test8\test8\test8\ASA_Lib.o(ASA_Core_UART.o)
 .bss           0x008001db        0x1 C:\Users\lenovo\Desktop\C4M\Program\test8\test8\test8\ASA_Lib.o(ASA_Core_Lib.o)
 *(.bss*)
 .bss.cal_f4.2414
                0x008001dc        0x2 main.o
 .bss.cal_f3.2413
                0x008001de        0x2 main.o
 .bss.cal_f2.2412
                0x008001e0        0x2 main.o
 .bss.cal_n1.2415
                0x008001e2        0x2 main.o
 .bss.s_flag.2404
                0x008001e4        0x2 main.o
 .bss.counter.2403
                0x008001e6        0x4 main.o
 .bss.ans       0x008001ea        0x4 main.o
                0x008001ea                ans
 .bss.m         0x008001ee        0x4 main.o
                0x008001ee                m
 .bss.n         0x008001f2        0x1 main.o
                0x008001f2                n
 *(COMMON)
 COMMON         0x008001f3        0x2 main.o
                0x008001f3                b
                0x008001f4                a
 COMMON         0x008001f5       0x34 C:\Users\lenovo\Desktop\C4M\Program\test8\test8\test8\ASA_Lib.o(ASA_Lib_7S00.o)
                0x008001f5                _7S00_get_reg
                0x008001fd                _7S00_transmit_data
                0x00800201                _7S00_put_reg
                0x00800221                _7S00_set_reg
 COMMON         0x00800229       0x98 C:\Users\lenovo\Desktop\C4M\Program\test8\test8\test8\ASA_Lib.o(ASA_Lib_KB00.o)
                0x00800229                _KB00_get_reg
                0x00800231                _KB00_set_reg
                0x008002b9                _KB00_put_reg
 COMMON         0x008002c1        0x6 c:/program files (x86)/atmel/studio/7.0/toolchain/avr8/avr8-gnu-toolchain/bin/../lib/gcc/avr/5.4.0/../../../../avr/lib/avr51\libc.a(iob.o)
                0x008002c1                __iob
                0x008002c7                PROVIDE (__bss_end, .)
                0x0000336e                __data_load_start = LOADADDR (.data)
                0x000033d2                __data_load_end = (__data_load_start + SIZEOF (.data))

.noinit         0x008002c7        0x0
                [!provide]                PROVIDE (__noinit_start, .)
 *(.noinit*)
                [!provide]                PROVIDE (__noinit_end, .)
                0x008002c7                _end = .
                [!provide]                PROVIDE (__heap_start, .)

.eeprom         0x00810000        0x0
 *(.eeprom*)
                0x00810000                __eeprom_end = .

.fuse
 *(.fuse)
 *(.lfuse)
 *(.hfuse)
 *(.efuse)

.lock
 *(.lock*)

.signature
 *(.signature*)

.user_signatures
 *(.user_signatures*)

.stab
 *(.stab)

.stabstr
 *(.stabstr)

.stab.excl
 *(.stab.excl)

.stab.exclstr
 *(.stab.exclstr)

.stab.index
 *(.stab.index)

.stab.indexstr
 *(.stab.indexstr)

.comment        0x00000000       0x5c
 *(.comment)
 .comment       0x00000000       0x30 main.o
                                 0x31 (size before relaxing)
 .comment       0x00000030       0x31 c:/program files (x86)/atmel/studio/7.0/toolchain/avr8/avr8-gnu-toolchain/bin/../lib/gcc/avr/5.4.0/../../../../avr/lib/avr51\libc.a(iob.o)
 .comment       0x00000030       0x31 c:/program files (x86)/atmel/studio/7.0/toolchain/avr8/avr8-gnu-toolchain/bin/../lib/gcc/avr/5.4.0/../../../../avr/lib/avr51\libc.a(printf.o)
 .comment       0x00000030       0x2c c:/program files (x86)/atmel/studio/7.0/toolchain/avr8/avr8-gnu-toolchain/bin/../lib/gcc/avr/5.4.0/../../../../avr/lib/avr51\libc.a(vfprintf_std.o)
                                 0x2d (size before relaxing)
 .comment       0x0000005c       0x31 c:/program files (x86)/atmel/studio/7.0/toolchain/avr8/avr8-gnu-toolchain/bin/../lib/gcc/avr/5.4.0/../../../../avr/lib/avr51\libc.a(fputc.o)

.note.gnu.avr.deviceinfo
                0x00000000       0x3c
 .note.gnu.avr.deviceinfo
                0x00000000       0x3c C:/Program Files (x86)/Atmel/Studio/7.0/Packs/atmel/ATmega_DFP/1.2.209/gcc/dev/atmega128/avr51/crtatmega128.o

.note.gnu.build-id
 *(.note.gnu.build-id)

.debug
 *(.debug)

.line
 *(.line)

.debug_srcinfo
 *(.debug_srcinfo)

.debug_sfnames
 *(.debug_sfnames)

.debug_aranges  0x00000000      0x108
 *(.debug_aranges)
 .debug_aranges
                0x00000000       0x48 main.o
 .debug_aranges
                0x00000048       0x20 C:\Users\lenovo\Desktop\C4M\Program\test8\test8\test8\ASA_Lib.o(ASA_Lib_M128.o)
 .debug_aranges
                0x00000068       0x20 C:\Users\lenovo\Desktop\C4M\Program\test8\test8\test8\ASA_Lib.o(ASA_Lib_7S00.o)
 .debug_aranges
                0x00000088       0x20 C:\Users\lenovo\Desktop\C4M\Program\test8\test8\test8\ASA_Lib.o(ASA_Lib_KB00.o)
 .debug_aranges
                0x000000a8       0x20 C:\Users\lenovo\Desktop\C4M\Program\test8\test8\test8\ASA_Lib.o(ASA_Core_UART.o)
 .debug_aranges
                0x000000c8       0x20 C:\Users\lenovo\Desktop\C4M\Program\test8\test8\test8\ASA_Lib.o(ASA_Core_Lib.o)
 .debug_aranges
                0x000000e8       0x20 C:\Users\lenovo\Desktop\C4M\Program\test8\test8\test8\ASA_Lib.o(ASA_Lib_DIO.o)

.debug_pubnames
                0x00000000      0x615
 *(.debug_pubnames)
 .debug_pubnames
                0x00000000       0xeb C:\Users\lenovo\Desktop\C4M\Program\test8\test8\test8\ASA_Lib.o(ASA_Lib_M128.o)
 .debug_pubnames
                0x000000eb       0xc5 C:\Users\lenovo\Desktop\C4M\Program\test8\test8\test8\ASA_Lib.o(ASA_Lib_7S00.o)
 .debug_pubnames
                0x000001b0       0xea C:\Users\lenovo\Desktop\C4M\Program\test8\test8\test8\ASA_Lib.o(ASA_Lib_KB00.o)
 .debug_pubnames
                0x0000029a      0x185 C:\Users\lenovo\Desktop\C4M\Program\test8\test8\test8\ASA_Lib.o(ASA_Core_UART.o)
 .debug_pubnames
                0x0000041f      0x18f C:\Users\lenovo\Desktop\C4M\Program\test8\test8\test8\ASA_Lib.o(ASA_Core_Lib.o)
 .debug_pubnames
                0x000005ae       0x67 C:\Users\lenovo\Desktop\C4M\Program\test8\test8\test8\ASA_Lib.o(ASA_Lib_DIO.o)

.debug_info     0x00000000     0x34f3
 *(.debug_info .gnu.linkonce.wi.*)
 .debug_info    0x00000000      0x780 C:/Program Files (x86)/Atmel/Studio/7.0/Packs/atmel/ATmega_DFP/1.2.209/gcc/dev/atmega128/avr51/crtatmega128.o
 .debug_info    0x00000780      0x6a8 main.o
 .debug_info    0x00000e28      0x4d0 C:\Users\lenovo\Desktop\C4M\Program\test8\test8\test8\ASA_Lib.o(ASA_Lib_M128.o)
 .debug_info    0x000012f8      0x373 C:\Users\lenovo\Desktop\C4M\Program\test8\test8\test8\ASA_Lib.o(ASA_Lib_7S00.o)
 .debug_info    0x0000166b      0x559 C:\Users\lenovo\Desktop\C4M\Program\test8\test8\test8\ASA_Lib.o(ASA_Lib_KB00.o)
 .debug_info    0x00001bc4      0xe9e C:\Users\lenovo\Desktop\C4M\Program\test8\test8\test8\ASA_Lib.o(ASA_Core_UART.o)
 .debug_info    0x00002a62      0x852 C:\Users\lenovo\Desktop\C4M\Program\test8\test8\test8\ASA_Lib.o(ASA_Core_Lib.o)
 .debug_info    0x000032b4      0x23f C:\Users\lenovo\Desktop\C4M\Program\test8\test8\test8\ASA_Lib.o(ASA_Lib_DIO.o)

.debug_abbrev   0x00000000     0x1250
 *(.debug_abbrev)
 .debug_abbrev  0x00000000      0x718 C:/Program Files (x86)/Atmel/Studio/7.0/Packs/atmel/ATmega_DFP/1.2.209/gcc/dev/atmega128/avr51/crtatmega128.o
 .debug_abbrev  0x00000718      0x222 main.o
 .debug_abbrev  0x0000093a      0x17a C:\Users\lenovo\Desktop\C4M\Program\test8\test8\test8\ASA_Lib.o(ASA_Lib_M128.o)
 .debug_abbrev  0x00000ab4       0xf8 C:\Users\lenovo\Desktop\C4M\Program\test8\test8\test8\ASA_Lib.o(ASA_Lib_7S00.o)
 .debug_abbrev  0x00000bac      0x197 C:\Users\lenovo\Desktop\C4M\Program\test8\test8\test8\ASA_Lib.o(ASA_Lib_KB00.o)
 .debug_abbrev  0x00000d43      0x24b C:\Users\lenovo\Desktop\C4M\Program\test8\test8\test8\ASA_Lib.o(ASA_Core_UART.o)
 .debug_abbrev  0x00000f8e      0x234 C:\Users\lenovo\Desktop\C4M\Program\test8\test8\test8\ASA_Lib.o(ASA_Core_Lib.o)
 .debug_abbrev  0x000011c2       0x8e C:\Users\lenovo\Desktop\C4M\Program\test8\test8\test8\ASA_Lib.o(ASA_Lib_DIO.o)

.debug_line     0x00000000     0x2919
 *(.debug_line .debug_line.* .debug_line_end)
 .debug_line    0x00000000      0x169 C:/Program Files (x86)/Atmel/Studio/7.0/Packs/atmel/ATmega_DFP/1.2.209/gcc/dev/atmega128/avr51/crtatmega128.o
 .debug_line    0x00000169      0x585 main.o
 .debug_line    0x000006ee      0x485 C:\Users\lenovo\Desktop\C4M\Program\test8\test8\test8\ASA_Lib.o(ASA_Lib_M128.o)
 .debug_line    0x00000b73      0x2e5 C:\Users\lenovo\Desktop\C4M\Program\test8\test8\test8\ASA_Lib.o(ASA_Lib_7S00.o)
 .debug_line    0x00000e58      0x35d C:\Users\lenovo\Desktop\C4M\Program\test8\test8\test8\ASA_Lib.o(ASA_Lib_KB00.o)
 .debug_line    0x000011b5      0xdc6 C:\Users\lenovo\Desktop\C4M\Program\test8\test8\test8\ASA_Lib.o(ASA_Core_UART.o)
 .debug_line    0x00001f7b      0x6a7 C:\Users\lenovo\Desktop\C4M\Program\test8\test8\test8\ASA_Lib.o(ASA_Core_Lib.o)
 .debug_line    0x00002622      0x2f7 C:\Users\lenovo\Desktop\C4M\Program\test8\test8\test8\ASA_Lib.o(ASA_Lib_DIO.o)

.debug_frame    0x00000000      0x620
 *(.debug_frame)
 .debug_frame   0x00000000      0x160 main.o
 .debug_frame   0x00000160       0xa0 C:\Users\lenovo\Desktop\C4M\Program\test8\test8\test8\ASA_Lib.o(ASA_Lib_M128.o)
 .debug_frame   0x00000200       0x50 C:\Users\lenovo\Desktop\C4M\Program\test8\test8\test8\ASA_Lib.o(ASA_Lib_7S00.o)
 .debug_frame   0x00000250       0x70 C:\Users\lenovo\Desktop\C4M\Program\test8\test8\test8\ASA_Lib.o(ASA_Lib_KB00.o)
 .debug_frame   0x000002c0      0x170 C:\Users\lenovo\Desktop\C4M\Program\test8\test8\test8\ASA_Lib.o(ASA_Core_UART.o)
 .debug_frame   0x00000430      0x190 C:\Users\lenovo\Desktop\C4M\Program\test8\test8\test8\ASA_Lib.o(ASA_Core_Lib.o)
 .debug_frame   0x000005c0       0x60 C:\Users\lenovo\Desktop\C4M\Program\test8\test8\test8\ASA_Lib.o(ASA_Lib_DIO.o)

.debug_str      0x00000000      0xc26
 *(.debug_str)
 .debug_str     0x00000000      0x27d C:/Program Files (x86)/Atmel/Studio/7.0/Packs/atmel/ATmega_DFP/1.2.209/gcc/dev/atmega128/avr51/crtatmega128.o
 .debug_str     0x0000027d      0x255 main.o
                                0x29b (size before relaxing)
 .debug_str     0x000004d2      0x15f C:\Users\lenovo\Desktop\C4M\Program\test8\test8\test8\ASA_Lib.o(ASA_Lib_M128.o)
                                0x217 (size before relaxing)
 .debug_str     0x00000631       0xb7 C:\Users\lenovo\Desktop\C4M\Program\test8\test8\test8\ASA_Lib.o(ASA_Lib_7S00.o)
                                0x18e (size before relaxing)
 .debug_str     0x000006e8       0xf4 C:\Users\lenovo\Desktop\C4M\Program\test8\test8\test8\ASA_Lib.o(ASA_Lib_KB00.o)
                                0x205 (size before relaxing)
 .debug_str     0x000007dc      0x27f C:\Users\lenovo\Desktop\C4M\Program\test8\test8\test8\ASA_Lib.o(ASA_Core_UART.o)
                                0x32c (size before relaxing)
 .debug_str     0x00000a5b      0x17c C:\Users\lenovo\Desktop\C4M\Program\test8\test8\test8\ASA_Lib.o(ASA_Core_Lib.o)
                                0x285 (size before relaxing)
 .debug_str     0x00000bd7       0x4f C:\Users\lenovo\Desktop\C4M\Program\test8\test8\test8\ASA_Lib.o(ASA_Lib_DIO.o)
                                 0xfb (size before relaxing)

.debug_loc      0x00000000     0x30c3
 *(.debug_loc)
 .debug_loc     0x00000000      0xbf4 main.o
 .debug_loc     0x00000bf4      0x5a7 C:\Users\lenovo\Desktop\C4M\Program\test8\test8\test8\ASA_Lib.o(ASA_Lib_M128.o)
 .debug_loc     0x0000119b      0x3e9 C:\Users\lenovo\Desktop\C4M\Program\test8\test8\test8\ASA_Lib.o(ASA_Lib_7S00.o)
 .debug_loc     0x00001584      0x3a4 C:\Users\lenovo\Desktop\C4M\Program\test8\test8\test8\ASA_Lib.o(ASA_Lib_KB00.o)
 .debug_loc     0x00001928      0xcfa C:\Users\lenovo\Desktop\C4M\Program\test8\test8\test8\ASA_Lib.o(ASA_Core_UART.o)
 .debug_loc     0x00002622      0x476 C:\Users\lenovo\Desktop\C4M\Program\test8\test8\test8\ASA_Lib.o(ASA_Core_Lib.o)
 .debug_loc     0x00002a98      0x62b C:\Users\lenovo\Desktop\C4M\Program\test8\test8\test8\ASA_Lib.o(ASA_Lib_DIO.o)

.debug_macinfo
 *(.debug_macinfo)

.debug_weaknames
 *(.debug_weaknames)

.debug_funcnames
 *(.debug_funcnames)

.debug_typenames
 *(.debug_typenames)

.debug_varnames
 *(.debug_varnames)

.debug_pubtypes
 *(.debug_pubtypes)

.debug_ranges   0x00000000       0x50
 *(.debug_ranges)
 .debug_ranges  0x00000000       0x38 main.o
 .debug_ranges  0x00000038       0x18 C:\Users\lenovo\Desktop\C4M\Program\test8\test8\test8\ASA_Lib.o(ASA_Core_Lib.o)

.debug_macro
 *(.debug_macro)
OUTPUT(test8.elf elf32-avr)
LOAD linker stubs
