Archive member included because of file (symbol)

C:\Users\lenovo\Desktop\C4M\Program\test7\ASA_Lib.o(ASA_Lib_M128.o)
                              test71.o (ASA_M128_set)
C:\Users\lenovo\Desktop\C4M\Program\test7\ASA_Lib.o(ASA_Lib_7S00.o)
                              test71.o (ASA_7S00_put)
C:\Users\lenovo\Desktop\C4M\Program\test7\ASA_Lib.o(ASA_Lib_KB00.o)
                              test71.o (ASA_KB00_get)
C:\Users\lenovo\Desktop\C4M\Program\test7\ASA_Lib.o(ASA_Core_UART.o)
                              C:\Users\lenovo\Desktop\C4M\Program\test7\ASA_Lib.o(ASA_Lib_M128.o) (timer1_set)
C:\Users\lenovo\Desktop\C4M\Program\test7\ASA_Lib.o(ASA_Core_Lib.o)
                              C:\Users\lenovo\Desktop\C4M\Program\test7\ASA_Lib.o(ASA_Lib_M128.o) (ASA_ID_set)
C:\Users\lenovo\Desktop\C4M\Program\test7\ASA_Lib.o(ASA_Lib_DIO.o)
                              C:\Users\lenovo\Desktop\C4M\Program\test7\ASA_Lib.o(ASA_Lib_KB00.o) (M128_DIO_set)
c:/winavr-20100110/bin/../lib/gcc/avr/4.3.3/avr51\libgcc.a(_divmodhi4.o)
                              test71.o (__divmodhi4)
c:/winavr-20100110/bin/../lib/gcc/avr/4.3.3/avr51\libgcc.a(_exit.o)
                              c:/winavr-20100110/bin/../lib/gcc/avr/4.3.3/../../../../avr/lib/avr51/crtm128.o (exit)
c:/winavr-20100110/bin/../lib/gcc/avr/4.3.3/avr51\libgcc.a(_clear_bss.o)
                              test71.o (__do_clear_bss)
c:/winavr-20100110/bin/../lib/gcc/avr/4.3.3/avr51\libgcc.a(_udivmodhi4.o)
                              c:/winavr-20100110/bin/../lib/gcc/avr/4.3.3/avr51\libgcc.a(_divmodhi4.o) (__udivmodhi4)
c:/winavr-20100110/bin/../lib/gcc/avr/4.3.3/../../../../avr/lib/avr51\libc.a(atoi.o)
                              test71.o (atoi)
c:/winavr-20100110/bin/../lib/gcc/avr/4.3.3/../../../../avr/lib/avr51\libc.a(mul10.o)
                              c:/winavr-20100110/bin/../lib/gcc/avr/4.3.3/../../../../avr/lib/avr51\libc.a(atoi.o) (__mulhi_const_10)
c:/winavr-20100110/bin/../lib/gcc/avr/4.3.3/../../../../avr/lib/avr51\libc.a(iob.o)
                              C:\Users\lenovo\Desktop\C4M\Program\test7\ASA_Lib.o(ASA_Lib_M128.o) (__iob)
c:/winavr-20100110/bin/../lib/gcc/avr/4.3.3/../../../../avr/lib/avr51\libc.a(printf.o)
                              test71.o (printf)
c:/winavr-20100110/bin/../lib/gcc/avr/4.3.3/../../../../avr/lib/avr51\libc.a(sprintf.o)
                              test71.o (sprintf)
c:/winavr-20100110/bin/../lib/gcc/avr/4.3.3/../../../../avr/lib/avr51\libc.a(vfprintf_std.o)
                              c:/winavr-20100110/bin/../lib/gcc/avr/4.3.3/../../../../avr/lib/avr51\libc.a(printf.o) (vfprintf)
c:/winavr-20100110/bin/../lib/gcc/avr/4.3.3/../../../../avr/lib/avr51\libc.a(strnlen_P.o)
                              c:/winavr-20100110/bin/../lib/gcc/avr/4.3.3/../../../../avr/lib/avr51\libc.a(vfprintf_std.o) (strnlen_P)
c:/winavr-20100110/bin/../lib/gcc/avr/4.3.3/../../../../avr/lib/avr51\libc.a(strnlen.o)
                              c:/winavr-20100110/bin/../lib/gcc/avr/4.3.3/../../../../avr/lib/avr51\libc.a(vfprintf_std.o) (strnlen)
c:/winavr-20100110/bin/../lib/gcc/avr/4.3.3/../../../../avr/lib/avr51\libc.a(fputc.o)
                              c:/winavr-20100110/bin/../lib/gcc/avr/4.3.3/../../../../avr/lib/avr51\libc.a(vfprintf_std.o) (fputc)
c:/winavr-20100110/bin/../lib/gcc/avr/4.3.3/../../../../avr/lib/avr51\libc.a(ultoa_invert.o)
                              c:/winavr-20100110/bin/../lib/gcc/avr/4.3.3/../../../../avr/lib/avr51\libc.a(vfprintf_std.o) (__ultoa_invert)

Allocating common symbols
Common symbol       size              file

_7S00_get_reg       0x8               C:\Users\lenovo\Desktop\C4M\Program\test7\ASA_Lib.o(ASA_Lib_7S00.o)
b                   0x1               test71.o
p                   0x2               test71.o
spc                 0x2               test71.o
n                   0x2               test71.o
f                   0xa               test71.o
spc4                0x2               test71.o
_7S00_transmit_data
                    0x4               C:\Users\lenovo\Desktop\C4M\Program\test7\ASA_Lib.o(ASA_Lib_7S00.o)
_KB00_get_reg       0x8               C:\Users\lenovo\Desktop\C4M\Program\test7\ASA_Lib.o(ASA_Lib_KB00.o)
_7S00_put_reg       0x20              C:\Users\lenovo\Desktop\C4M\Program\test7\ASA_Lib.o(ASA_Lib_7S00.o)
out                 0x2               test71.o
tmp2                0x1               test71.o
p1                  0x2               test71.o
spc6                0x2               test71.o
z                   0x4               test71.o
i                   0x2               test71.o
ISR_Functioncounter
                    0x1               C:\Users\lenovo\Desktop\C4M\Program\test7\ASA_Lib.o(ASA_Lib_M128.o)
spc2                0x2               test71.o
spc3                0x2               test71.o
c                   0x2               test71.o
_KB00_set_reg       0x88              C:\Users\lenovo\Desktop\C4M\Program\test7\ASA_Lib.o(ASA_Lib_KB00.o)
tmp3                0x1               test71.o
y                   0x4               test71.o
s                   0x1               test71.o
solution            0x2               test71.o
spc5                0x2               test71.o
spc1                0x2               test71.o
__iob               0x6               c:/winavr-20100110/bin/../lib/gcc/avr/4.3.3/../../../../avr/lib/avr51\libc.a(iob.o)
tmp1                0x1               test71.o
_KB00_put_reg       0x8               C:\Users\lenovo\Desktop\C4M\Program\test7\ASA_Lib.o(ASA_Lib_KB00.o)
_7S00_set_reg       0x8               C:\Users\lenovo\Desktop\C4M\Program\test7\ASA_Lib.o(ASA_Lib_7S00.o)

Memory Configuration

Name             Origin             Length             Attributes
text             0x00000000         0x00020000         xr
data             0x00800060         0x0000ffa0         rw !x
eeprom           0x00810000         0x00010000         rw !x
fuse             0x00820000         0x00000400         rw !x
lock             0x00830000         0x00000400         rw !x
signature        0x00840000         0x00000400         rw !x
*default*        0x00000000         0xffffffff

Linker script and memory map

Address of section .data set to 0x800100
LOAD c:/winavr-20100110/bin/../lib/gcc/avr/4.3.3/../../../../avr/lib/avr51/crtm128.o
LOAD test71.o
LOAD C:\Users\lenovo\Desktop\C4M\Program\test7\ASA_Lib.o
LOAD c:/winavr-20100110/bin/../lib/gcc/avr/4.3.3/avr51\libgcc.a
LOAD c:/winavr-20100110/bin/../lib/gcc/avr/4.3.3/../../../../avr/lib/avr51\libc.a
LOAD c:/winavr-20100110/bin/../lib/gcc/avr/4.3.3/avr51\libgcc.a

.hash
 *(.hash)

.dynsym
 *(.dynsym)

.dynstr
 *(.dynstr)

.gnu.version
 *(.gnu.version)

.gnu.version_d
 *(.gnu.version_d)

.gnu.version_r
 *(.gnu.version_r)

.rel.init
 *(.rel.init)

.rela.init
 *(.rela.init)

.rel.text
 *(.rel.text)
 *(.rel.text.*)
 *(.rel.gnu.linkonce.t*)

.rela.text
 *(.rela.text)
 *(.rela.text.*)
 *(.rela.gnu.linkonce.t*)

.rel.fini
 *(.rel.fini)

.rela.fini
 *(.rela.fini)

.rel.rodata
 *(.rel.rodata)
 *(.rel.rodata.*)
 *(.rel.gnu.linkonce.r*)

.rela.rodata
 *(.rela.rodata)
 *(.rela.rodata.*)
 *(.rela.gnu.linkonce.r*)

.rel.data
 *(.rel.data)
 *(.rel.data.*)
 *(.rel.gnu.linkonce.d*)

.rela.data
 *(.rela.data)
 *(.rela.data.*)
 *(.rela.gnu.linkonce.d*)

.rel.ctors
 *(.rel.ctors)

.rela.ctors
 *(.rela.ctors)

.rel.dtors
 *(.rel.dtors)

.rela.dtors
 *(.rela.dtors)

.rel.got
 *(.rel.got)

.rela.got
 *(.rela.got)

.rel.bss
 *(.rel.bss)

.rela.bss
 *(.rela.bss)

.rel.plt
 *(.rel.plt)

.rela.plt
 *(.rela.plt)

.text           0x00000000     0x3326
 *(.vectors)
 .vectors       0x00000000       0x8c c:/winavr-20100110/bin/../lib/gcc/avr/4.3.3/../../../../avr/lib/avr51/crtm128.o
                0x00000000                __vectors
                0x00000000                __vector_default
 *(.vectors)
 *(.progmem.gcc*)
 .progmem.gcc_sw_table
                0x0000008c       0x22 test71.o
 *(.progmem*)
 .progmem.data  0x000000ae       0x60 C:\Users\lenovo\Desktop\C4M\Program\test7\ASA_Lib.o(ASA_Lib_7S00.o)
                0x000000ae                flash_7S00_ASCII_table
 .progmem.data  0x0000010e       0x10 C:\Users\lenovo\Desktop\C4M\Program\test7\ASA_Lib.o(ASA_Lib_KB00.o)
                0x0000010e                flash_KB00_ASCII_table
                0x0000011e                . = ALIGN (0x2)
                0x0000011e                __trampolines_start = .
 *(.trampolines)
 .trampolines   0x0000011e        0x0 linker stubs
 *(.trampolines*)
                0x0000011e                __trampolines_end = .
 *(.jumptables)
 *(.jumptables*)
 *(.lowtext)
 *(.lowtext*)
                0x0000011e                __ctors_start = .
 *(.ctors)
                0x0000011e                __ctors_end = .
                0x0000011e                __dtors_start = .
 *(.dtors)
                0x0000011e                __dtors_end = .
 SORT(*)(.ctors)
 SORT(*)(.dtors)
 *(.init0)
 .init0         0x0000011e        0x0 c:/winavr-20100110/bin/../lib/gcc/avr/4.3.3/../../../../avr/lib/avr51/crtm128.o
                0x0000011e                __init
 *(.init0)
 *(.init1)
 *(.init1)
 *(.init2)
 .init2         0x0000011e        0xc c:/winavr-20100110/bin/../lib/gcc/avr/4.3.3/../../../../avr/lib/avr51/crtm128.o
 *(.init2)
 *(.init3)
 *(.init3)
 *(.init4)
 .init4         0x0000012a       0x1a c:/winavr-20100110/bin/../lib/gcc/avr/4.3.3/../../../../avr/lib/avr51/crtm128.o
                0x0000012a                __do_copy_data
 .init4         0x00000144       0x10 c:/winavr-20100110/bin/../lib/gcc/avr/4.3.3/avr51\libgcc.a(_clear_bss.o)
                0x00000144                __do_clear_bss
 *(.init4)
 *(.init5)
 *(.init5)
 *(.init6)
 *(.init6)
 *(.init7)
 *(.init7)
 *(.init8)
 *(.init8)
 *(.init9)
 .init9         0x00000154        0x8 c:/winavr-20100110/bin/../lib/gcc/avr/4.3.3/../../../../avr/lib/avr51/crtm128.o
 *(.init9)
 *(.text)
 .text          0x0000015c        0x4 c:/winavr-20100110/bin/../lib/gcc/avr/4.3.3/../../../../avr/lib/avr51/crtm128.o
                0x0000015c                __vector_22
                0x0000015c                __vector_28
                0x0000015c                __vector_1
                0x0000015c                __vector_34
                0x0000015c                __vector_24
                0x0000015c                __bad_interrupt
                0x0000015c                __vector_6
                0x0000015c                __vector_31
                0x0000015c                __vector_3
                0x0000015c                __vector_23
                0x0000015c                __vector_25
                0x0000015c                __vector_11
                0x0000015c                __vector_13
                0x0000015c                __vector_17
                0x0000015c                __vector_19
                0x0000015c                __vector_7
                0x0000015c                __vector_27
                0x0000015c                __vector_5
                0x0000015c                __vector_33
                0x0000015c                __vector_4
                0x0000015c                __vector_9
                0x0000015c                __vector_2
                0x0000015c                __vector_21
                0x0000015c                __vector_15
                0x0000015c                __vector_29
                0x0000015c                __vector_8
                0x0000015c                __vector_26
                0x0000015c                __vector_14
                0x0000015c                __vector_10
                0x0000015c                __vector_16
                0x0000015c                __vector_18
                0x0000015c                __vector_20
 .text          0x00000160      0x6c2 test71.o
                0x000001bc                check_region
                0x000003e0                reset
                0x00000354                explode
                0x00000382                display
                0x000001ea                operation
                0x00000418                KB00_num
                0x00000160                detect_num
                0x0000044e                main
 .text          0x00000822      0x450 C:\Users\lenovo\Desktop\C4M\Program\test7\ASA_Lib.o(ASA_Lib_M128.o)
                0x000008de                DIO_fgt
                0x00000822                stdio_putchar
                0x00000c14                ASA_M128_set
                0x00000856                DIO_fpt
                0x00000a26                HMI_Structure_get
                0x0000083e                stdio_getchar
                0x00000bb6                HMI_Transceiver_put
                0x000009a6                HMI_Transceiver_get
                0x00000aee                HMI_Structure_put
 .text          0x00000c72      0x3ba C:\Users\lenovo\Desktop\C4M\Program\test7\ASA_Lib.o(ASA_Lib_7S00.o)
                0x00000c72                ASA_7S00_get
                0x00000fb8                ASA_7S00_set
                0x00000cee                UART_7S00_Transfer
                0x00000ef2                ASA_7S00_put
 .text          0x0000102c      0x2d2 C:\Users\lenovo\Desktop\C4M\Program\test7\ASA_Lib.o(ASA_Lib_KB00.o)
                0x00001280                SPI_KB00_GetData
                0x000010e6                SPI_KB00_Receive
                0x000012f8                SPI_KB00_Transfer
                0x000010f0                ASA_KB00_get
                0x0000102c                SPI_KB00_Init
                0x00001036                ASA_KB00_set
 .text          0x000012fe     0x1144 C:\Users\lenovo\Desktop\C4M\Program\test7\ASA_Lib.o(ASA_Core_UART.o)
                0x00001476                __vector_32
                0x000021e2                ASA_UART_put
                0x000014f4                BatchBuffer_clear
                0x0000230c                ASA_UART_set
                0x00001688                __vector_12
                0x000013d2                BatchBuffer_get
                0x00001304                EnUnpk
                0x00001340                RstTimeout
                0x00001348                BatchBuffer_put
                0x00001e0a                ASA_UART_fgt
                0x000019f2                ASA_RS485_get
                0x0000150e                __vector_30
                0x0000189c                ASA_RS485_fpt
                0x00001314                DisUnpk
                0x00001b6e                ASA_RS485_put
                0x00001320                timer1_set
                0x00002084                ASA_UART_get
                0x00001cb6                ASA_RS485_set
                0x000012fe                FrcStSw
                0x000014ec                BatchBuffer_full
                0x0000173c                ASA_RS485_fgt
                0x00001f4c                ASA_UART_fpt
 .text          0x00002442      0x418 C:\Users\lenovo\Desktop\C4M\Program\test7\ASA_Lib.o(ASA_Core_Lib.o)
                0x000024ce                ASA_getchar
                0x000025ca                TWI_TransmitData
                0x00002524                TWI_Start
                0x00002482                UART1_getchar
                0x00002662                TWI_rd
                0x00002632                TWI_wr
                0x00002490                SPI_Transfer
                0x00002578                TWI_SendSLAW
                0x00002514                PC_getchar
                0x0000244e                ASA_ID_set
                0x0000251c                TWI_ERROR
                0x000025a2                TWI_SendSLAR
                0x0000246a                UART1_putchar
                0x0000254a                TWI_Stop
                0x00002552                TWI_ReStart
                0x000026a2                TWI_Write
                0x00002748                TWI_Read
                0x0000269c                TWI_initialize
                0x000024a4                ASA_putchar
                0x0000250c                PC_putchar
                0x00002442                ASA_ID_check
                0x00002612                TWI_SendNoAck
                0x0000249a                SPI_Receive
                0x000025ee                TWI_ReceiveData
 .text          0x0000285a      0x45c C:\Users\lenovo\Desktop\C4M\Program\test7\ASA_Lib.o(ASA_Lib_DIO.o)
                0x00002c12                M128_DIO_fgt
                0x000029e8                M128_DIO_put
                0x00002a64                M128_DIO_get
                0x00002af6                M128_DIO_fpt
                0x0000285a                M128_DIO_set
 .text          0x00002cb6        0x0 c:/winavr-20100110/bin/../lib/gcc/avr/4.3.3/avr51\libgcc.a(_divmodhi4.o)
 .text          0x00002cb6        0x0 c:/winavr-20100110/bin/../lib/gcc/avr/4.3.3/avr51\libgcc.a(_exit.o)
 .text          0x00002cb6        0x0 c:/winavr-20100110/bin/../lib/gcc/avr/4.3.3/avr51\libgcc.a(_clear_bss.o)
 .text          0x00002cb6        0x0 c:/winavr-20100110/bin/../lib/gcc/avr/4.3.3/avr51\libgcc.a(_udivmodhi4.o)
 .text          0x00002cb6        0x0 c:/winavr-20100110/bin/../lib/gcc/avr/4.3.3/../../../../avr/lib/avr51\libc.a(atoi.o)
 .text          0x00002cb6        0x0 c:/winavr-20100110/bin/../lib/gcc/avr/4.3.3/../../../../avr/lib/avr51\libc.a(mul10.o)
 .text          0x00002cb6        0x0 c:/winavr-20100110/bin/../lib/gcc/avr/4.3.3/../../../../avr/lib/avr51\libc.a(iob.o)
 .text          0x00002cb6        0x0 c:/winavr-20100110/bin/../lib/gcc/avr/4.3.3/../../../../avr/lib/avr51\libc.a(printf.o)
 .text          0x00002cb6        0x0 c:/winavr-20100110/bin/../lib/gcc/avr/4.3.3/../../../../avr/lib/avr51\libc.a(sprintf.o)
 .text          0x00002cb6        0x0 c:/winavr-20100110/bin/../lib/gcc/avr/4.3.3/../../../../avr/lib/avr51\libc.a(vfprintf_std.o)
 .text          0x00002cb6        0x0 c:/winavr-20100110/bin/../lib/gcc/avr/4.3.3/../../../../avr/lib/avr51\libc.a(strnlen_P.o)
 .text          0x00002cb6        0x0 c:/winavr-20100110/bin/../lib/gcc/avr/4.3.3/../../../../avr/lib/avr51\libc.a(strnlen.o)
 .text          0x00002cb6        0x0 c:/winavr-20100110/bin/../lib/gcc/avr/4.3.3/../../../../avr/lib/avr51\libc.a(fputc.o)
 .text          0x00002cb6        0x0 c:/winavr-20100110/bin/../lib/gcc/avr/4.3.3/../../../../avr/lib/avr51\libc.a(ultoa_invert.o)
                0x00002cb6                . = ALIGN (0x2)
 *(.text.*)
 .text.libgcc   0x00002cb6       0x26 c:/winavr-20100110/bin/../lib/gcc/avr/4.3.3/avr51\libgcc.a(_divmodhi4.o)
                0x00002cb6                __divmodhi4
                0x00002cb6                _div
 .text.libgcc   0x00002cdc        0x0 c:/winavr-20100110/bin/../lib/gcc/avr/4.3.3/avr51\libgcc.a(_exit.o)
 .text.libgcc   0x00002cdc        0x0 c:/winavr-20100110/bin/../lib/gcc/avr/4.3.3/avr51\libgcc.a(_clear_bss.o)
 .text.libgcc   0x00002cdc       0x28 c:/winavr-20100110/bin/../lib/gcc/avr/4.3.3/avr51\libgcc.a(_udivmodhi4.o)
                0x00002cdc                __udivmodhi4
 .text.avr-libc
                0x00002d04       0x3c c:/winavr-20100110/bin/../lib/gcc/avr/4.3.3/../../../../avr/lib/avr51\libc.a(atoi.o)
                0x00002d04                atoi
 .text.avr-libc
                0x00002d40       0x10 c:/winavr-20100110/bin/../lib/gcc/avr/4.3.3/../../../../avr/lib/avr51\libc.a(mul10.o)
                0x00002d40                __mulhi_const_10
 .text.avr-libc
                0x00002d50       0x24 c:/winavr-20100110/bin/../lib/gcc/avr/4.3.3/../../../../avr/lib/avr51\libc.a(printf.o)
                0x00002d50                printf
 .text.avr-libc
                0x00002d74       0x62 c:/winavr-20100110/bin/../lib/gcc/avr/4.3.3/../../../../avr/lib/avr51\libc.a(sprintf.o)
                0x00002d74                sprintf
 .text.avr-libc
                0x00002dd6      0x40c c:/winavr-20100110/bin/../lib/gcc/avr/4.3.3/../../../../avr/lib/avr51\libc.a(vfprintf_std.o)
                0x00002dd6                vfprintf
 .text.avr-libc
                0x000031e2       0x16 c:/winavr-20100110/bin/../lib/gcc/avr/4.3.3/../../../../avr/lib/avr51\libc.a(strnlen_P.o)
                0x000031e2                strnlen_P
 .text.avr-libc
                0x000031f8       0x16 c:/winavr-20100110/bin/../lib/gcc/avr/4.3.3/../../../../avr/lib/avr51\libc.a(strnlen.o)
                0x000031f8                strnlen
 .text.avr-libc
                0x0000320e       0x58 c:/winavr-20100110/bin/../lib/gcc/avr/4.3.3/../../../../avr/lib/avr51\libc.a(fputc.o)
                0x0000320e                fputc
 .text.avr-libc
                0x00003266       0xbc c:/winavr-20100110/bin/../lib/gcc/avr/4.3.3/../../../../avr/lib/avr51\libc.a(ultoa_invert.o)
                0x00003266                __ultoa_invert
                0x00003322                . = ALIGN (0x2)
 *(.fini9)
 .fini9         0x00003322        0x0 c:/winavr-20100110/bin/../lib/gcc/avr/4.3.3/avr51\libgcc.a(_exit.o)
                0x00003322                exit
                0x00003322                _exit
 *(.fini9)
 *(.fini8)
 *(.fini8)
 *(.fini7)
 *(.fini7)
 *(.fini6)
 *(.fini6)
 *(.fini5)
 *(.fini5)
 *(.fini4)
 *(.fini4)
 *(.fini3)
 *(.fini3)
 *(.fini2)
 *(.fini2)
 *(.fini1)
 *(.fini1)
 *(.fini0)
 .fini0         0x00003322        0x4 c:/winavr-20100110/bin/../lib/gcc/avr/4.3.3/avr51\libgcc.a(_exit.o)
 *(.fini0)
                0x00003326                _etext = .

.data           0x00800100       0x62 load address 0x00003326
                0x00800100                PROVIDE (__data_start, .)
 *(.data)
 .data          0x00800100        0x0 c:/winavr-20100110/bin/../lib/gcc/avr/4.3.3/../../../../avr/lib/avr51/crtm128.o
 .data          0x00800100        0x6 test71.o
 .data          0x00800106        0xe C:\Users\lenovo\Desktop\C4M\Program\test7\ASA_Lib.o(ASA_Lib_M128.o)
 .data          0x00800114        0x6 C:\Users\lenovo\Desktop\C4M\Program\test7\ASA_Lib.o(ASA_Lib_7S00.o)
 .data          0x0080011a        0x0 C:\Users\lenovo\Desktop\C4M\Program\test7\ASA_Lib.o(ASA_Lib_KB00.o)
 .data          0x0080011a       0x48 C:\Users\lenovo\Desktop\C4M\Program\test7\ASA_Lib.o(ASA_Core_UART.o)
 .data          0x00800162        0x0 C:\Users\lenovo\Desktop\C4M\Program\test7\ASA_Lib.o(ASA_Core_Lib.o)
 .data          0x00800162        0x0 C:\Users\lenovo\Desktop\C4M\Program\test7\ASA_Lib.o(ASA_Lib_DIO.o)
 .data          0x00800162        0x0 c:/winavr-20100110/bin/../lib/gcc/avr/4.3.3/avr51\libgcc.a(_divmodhi4.o)
 .data          0x00800162        0x0 c:/winavr-20100110/bin/../lib/gcc/avr/4.3.3/avr51\libgcc.a(_exit.o)
 .data          0x00800162        0x0 c:/winavr-20100110/bin/../lib/gcc/avr/4.3.3/avr51\libgcc.a(_clear_bss.o)
 .data          0x00800162        0x0 c:/winavr-20100110/bin/../lib/gcc/avr/4.3.3/avr51\libgcc.a(_udivmodhi4.o)
 .data          0x00800162        0x0 c:/winavr-20100110/bin/../lib/gcc/avr/4.3.3/../../../../avr/lib/avr51\libc.a(atoi.o)
 .data          0x00800162        0x0 c:/winavr-20100110/bin/../lib/gcc/avr/4.3.3/../../../../avr/lib/avr51\libc.a(mul10.o)
 .data          0x00800162        0x0 c:/winavr-20100110/bin/../lib/gcc/avr/4.3.3/../../../../avr/lib/avr51\libc.a(iob.o)
 .data          0x00800162        0x0 c:/winavr-20100110/bin/../lib/gcc/avr/4.3.3/../../../../avr/lib/avr51\libc.a(printf.o)
 .data          0x00800162        0x0 c:/winavr-20100110/bin/../lib/gcc/avr/4.3.3/../../../../avr/lib/avr51\libc.a(sprintf.o)
 .data          0x00800162        0x0 c:/winavr-20100110/bin/../lib/gcc/avr/4.3.3/../../../../avr/lib/avr51\libc.a(vfprintf_std.o)
 .data          0x00800162        0x0 c:/winavr-20100110/bin/../lib/gcc/avr/4.3.3/../../../../avr/lib/avr51\libc.a(strnlen_P.o)
 .data          0x00800162        0x0 c:/winavr-20100110/bin/../lib/gcc/avr/4.3.3/../../../../avr/lib/avr51\libc.a(strnlen.o)
 .data          0x00800162        0x0 c:/winavr-20100110/bin/../lib/gcc/avr/4.3.3/../../../../avr/lib/avr51\libc.a(fputc.o)
 .data          0x00800162        0x0 c:/winavr-20100110/bin/../lib/gcc/avr/4.3.3/../../../../avr/lib/avr51\libc.a(ultoa_invert.o)
 *(.data*)
 *(.rodata)
 *(.rodata*)
 *(.gnu.linkonce.d*)
                0x00800162                . = ALIGN (0x2)
                0x00800162                _edata = .
                0x00800162                PROVIDE (__data_end, .)

.bss            0x00800162      0x192
                0x00800162                PROVIDE (__bss_start, .)
 *(.bss)
 .bss           0x00800162        0x0 c:/winavr-20100110/bin/../lib/gcc/avr/4.3.3/../../../../avr/lib/avr51/crtm128.o
 .bss           0x00800162        0x0 test71.o
 .bss           0x00800162       0x14 C:\Users\lenovo\Desktop\C4M\Program\test7\ASA_Lib.o(ASA_Lib_M128.o)
                0x00800162                ISR_Functionpointer
 .bss           0x00800176        0x0 C:\Users\lenovo\Desktop\C4M\Program\test7\ASA_Lib.o(ASA_Lib_7S00.o)
 .bss           0x00800176       0x20 C:\Users\lenovo\Desktop\C4M\Program\test7\ASA_Lib.o(ASA_Lib_KB00.o)
                0x00800176                _KB00_set_flag
 .bss           0x00800196       0x57 C:\Users\lenovo\Desktop\C4M\Program\test7\ASA_Lib.o(ASA_Core_UART.o)
 .bss           0x008001ed        0x1 C:\Users\lenovo\Desktop\C4M\Program\test7\ASA_Lib.o(ASA_Core_Lib.o)
 .bss           0x008001ee        0x0 C:\Users\lenovo\Desktop\C4M\Program\test7\ASA_Lib.o(ASA_Lib_DIO.o)
 .bss           0x008001ee        0x0 c:/winavr-20100110/bin/../lib/gcc/avr/4.3.3/avr51\libgcc.a(_divmodhi4.o)
 .bss           0x008001ee        0x0 c:/winavr-20100110/bin/../lib/gcc/avr/4.3.3/avr51\libgcc.a(_exit.o)
 .bss           0x008001ee        0x0 c:/winavr-20100110/bin/../lib/gcc/avr/4.3.3/avr51\libgcc.a(_clear_bss.o)
 .bss           0x008001ee        0x0 c:/winavr-20100110/bin/../lib/gcc/avr/4.3.3/avr51\libgcc.a(_udivmodhi4.o)
 .bss           0x008001ee        0x0 c:/winavr-20100110/bin/../lib/gcc/avr/4.3.3/../../../../avr/lib/avr51\libc.a(atoi.o)
 .bss           0x008001ee        0x0 c:/winavr-20100110/bin/../lib/gcc/avr/4.3.3/../../../../avr/lib/avr51\libc.a(mul10.o)
 .bss           0x008001ee        0x0 c:/winavr-20100110/bin/../lib/gcc/avr/4.3.3/../../../../avr/lib/avr51\libc.a(iob.o)
 .bss           0x008001ee        0x0 c:/winavr-20100110/bin/../lib/gcc/avr/4.3.3/../../../../avr/lib/avr51\libc.a(printf.o)
 .bss           0x008001ee        0x0 c:/winavr-20100110/bin/../lib/gcc/avr/4.3.3/../../../../avr/lib/avr51\libc.a(sprintf.o)
 .bss           0x008001ee        0x0 c:/winavr-20100110/bin/../lib/gcc/avr/4.3.3/../../../../avr/lib/avr51\libc.a(vfprintf_std.o)
 .bss           0x008001ee        0x0 c:/winavr-20100110/bin/../lib/gcc/avr/4.3.3/../../../../avr/lib/avr51\libc.a(strnlen_P.o)
 .bss           0x008001ee        0x0 c:/winavr-20100110/bin/../lib/gcc/avr/4.3.3/../../../../avr/lib/avr51\libc.a(strnlen.o)
 .bss           0x008001ee        0x0 c:/winavr-20100110/bin/../lib/gcc/avr/4.3.3/../../../../avr/lib/avr51\libc.a(fputc.o)
 .bss           0x008001ee        0x0 c:/winavr-20100110/bin/../lib/gcc/avr/4.3.3/../../../../avr/lib/avr51\libc.a(ultoa_invert.o)
 *(.bss*)
 *(COMMON)
 COMMON         0x008001ee       0x33 test71.o
                0x008001ee                b
                0x008001ef                p
                0x008001f1                spc
                0x008001f3                n
                0x008001f5                f
                0x008001ff                spc4
                0x00800201                out
                0x00800203                tmp2
                0x00800204                p1
                0x00800206                spc6
                0x00800208                z
                0x0080020c                i
                0x0080020e                spc2
                0x00800210                spc3
                0x00800212                c
                0x00800214                tmp3
                0x00800215                y
                0x00800219                s
                0x0080021a                solution
                0x0080021c                spc5
                0x0080021e                spc1
                0x00800220                tmp1
 COMMON         0x00800221        0x1 C:\Users\lenovo\Desktop\C4M\Program\test7\ASA_Lib.o(ASA_Lib_M128.o)
                0x00800221                ISR_Functioncounter
 COMMON         0x00800222       0x34 C:\Users\lenovo\Desktop\C4M\Program\test7\ASA_Lib.o(ASA_Lib_7S00.o)
                0x00800222                _7S00_get_reg
                0x0080022a                _7S00_transmit_data
                0x0080022e                _7S00_put_reg
                0x0080024e                _7S00_set_reg
 COMMON         0x00800256       0x98 C:\Users\lenovo\Desktop\C4M\Program\test7\ASA_Lib.o(ASA_Lib_KB00.o)
                0x00800256                _KB00_get_reg
                0x0080025e                _KB00_set_reg
                0x008002e6                _KB00_put_reg
 COMMON         0x008002ee        0x6 c:/winavr-20100110/bin/../lib/gcc/avr/4.3.3/../../../../avr/lib/avr51\libc.a(iob.o)
                0x008002ee                __iob
                0x008002f4                PROVIDE (__bss_end, .)
                0x00003326                __data_load_start = LOADADDR (.data)
                0x00003388                __data_load_end = (__data_load_start + SIZEOF (.data))

.noinit         0x008002f4        0x0
                0x008002f4                PROVIDE (__noinit_start, .)
 *(.noinit*)
                0x008002f4                PROVIDE (__noinit_end, .)
                0x008002f4                _end = .
                0x008002f4                PROVIDE (__heap_start, .)

.eeprom         0x00810000        0x0
 *(.eeprom*)
                0x00810000                __eeprom_end = .

.fuse
 *(.fuse)
 *(.lfuse)
 *(.hfuse)
 *(.efuse)

.lock
 *(.lock*)

.signature
 *(.signature*)

.stab
 *(.stab)

.stabstr
 *(.stabstr)

.stab.excl
 *(.stab.excl)

.stab.exclstr
 *(.stab.exclstr)

.stab.index
 *(.stab.index)

.stab.indexstr
 *(.stab.indexstr)

.comment
 *(.comment)

.debug
 *(.debug)

.line
 *(.line)

.debug_srcinfo
 *(.debug_srcinfo)

.debug_sfnames
 *(.debug_sfnames)

.debug_aranges  0x00000000       0xe0
 *(.debug_aranges)
 .debug_aranges
                0x00000000       0x20 test71.o
 .debug_aranges
                0x00000020       0x20 C:\Users\lenovo\Desktop\C4M\Program\test7\ASA_Lib.o(ASA_Lib_M128.o)
 .debug_aranges
                0x00000040       0x20 C:\Users\lenovo\Desktop\C4M\Program\test7\ASA_Lib.o(ASA_Lib_7S00.o)
 .debug_aranges
                0x00000060       0x20 C:\Users\lenovo\Desktop\C4M\Program\test7\ASA_Lib.o(ASA_Lib_KB00.o)
 .debug_aranges
                0x00000080       0x20 C:\Users\lenovo\Desktop\C4M\Program\test7\ASA_Lib.o(ASA_Core_UART.o)
 .debug_aranges
                0x000000a0       0x20 C:\Users\lenovo\Desktop\C4M\Program\test7\ASA_Lib.o(ASA_Core_Lib.o)
 .debug_aranges
                0x000000c0       0x20 C:\Users\lenovo\Desktop\C4M\Program\test7\ASA_Lib.o(ASA_Lib_DIO.o)

.debug_pubnames
                0x00000000      0x738
 *(.debug_pubnames)
 .debug_pubnames
                0x00000000      0x123 test71.o
 .debug_pubnames
                0x00000123       0xeb C:\Users\lenovo\Desktop\C4M\Program\test7\ASA_Lib.o(ASA_Lib_M128.o)
 .debug_pubnames
                0x0000020e       0xc5 C:\Users\lenovo\Desktop\C4M\Program\test7\ASA_Lib.o(ASA_Lib_7S00.o)
 .debug_pubnames
                0x000002d3       0xea C:\Users\lenovo\Desktop\C4M\Program\test7\ASA_Lib.o(ASA_Lib_KB00.o)
 .debug_pubnames
                0x000003bd      0x185 C:\Users\lenovo\Desktop\C4M\Program\test7\ASA_Lib.o(ASA_Core_UART.o)
 .debug_pubnames
                0x00000542      0x18f C:\Users\lenovo\Desktop\C4M\Program\test7\ASA_Lib.o(ASA_Core_Lib.o)
 .debug_pubnames
                0x000006d1       0x67 C:\Users\lenovo\Desktop\C4M\Program\test7\ASA_Lib.o(ASA_Lib_DIO.o)

.debug_info     0x00000000     0x2a03
 *(.debug_info)
 .debug_info    0x00000000      0x338 test71.o
 .debug_info    0x00000338      0x4d0 C:\Users\lenovo\Desktop\C4M\Program\test7\ASA_Lib.o(ASA_Lib_M128.o)
 .debug_info    0x00000808      0x373 C:\Users\lenovo\Desktop\C4M\Program\test7\ASA_Lib.o(ASA_Lib_7S00.o)
 .debug_info    0x00000b7b      0x559 C:\Users\lenovo\Desktop\C4M\Program\test7\ASA_Lib.o(ASA_Lib_KB00.o)
 .debug_info    0x000010d4      0xe9e C:\Users\lenovo\Desktop\C4M\Program\test7\ASA_Lib.o(ASA_Core_UART.o)
 .debug_info    0x00001f72      0x852 C:\Users\lenovo\Desktop\C4M\Program\test7\ASA_Lib.o(ASA_Core_Lib.o)
 .debug_info    0x000027c4      0x23f C:\Users\lenovo\Desktop\C4M\Program\test7\ASA_Lib.o(ASA_Lib_DIO.o)
 *(.gnu.linkonce.wi.*)

.debug_abbrev   0x00000000      0xa5b
 *(.debug_abbrev)
 .debug_abbrev  0x00000000      0x145 test71.o
 .debug_abbrev  0x00000145      0x17a C:\Users\lenovo\Desktop\C4M\Program\test7\ASA_Lib.o(ASA_Lib_M128.o)
 .debug_abbrev  0x000002bf       0xf8 C:\Users\lenovo\Desktop\C4M\Program\test7\ASA_Lib.o(ASA_Lib_7S00.o)
 .debug_abbrev  0x000003b7      0x197 C:\Users\lenovo\Desktop\C4M\Program\test7\ASA_Lib.o(ASA_Lib_KB00.o)
 .debug_abbrev  0x0000054e      0x24b C:\Users\lenovo\Desktop\C4M\Program\test7\ASA_Lib.o(ASA_Core_UART.o)
 .debug_abbrev  0x00000799      0x234 C:\Users\lenovo\Desktop\C4M\Program\test7\ASA_Lib.o(ASA_Core_Lib.o)
 .debug_abbrev  0x000009cd       0x8e C:\Users\lenovo\Desktop\C4M\Program\test7\ASA_Lib.o(ASA_Lib_DIO.o)

.debug_line     0x00000000     0x27b4
 *(.debug_line)
 .debug_line    0x00000000      0x589 test71.o
 .debug_line    0x00000589      0x485 C:\Users\lenovo\Desktop\C4M\Program\test7\ASA_Lib.o(ASA_Lib_M128.o)
 .debug_line    0x00000a0e      0x2e5 C:\Users\lenovo\Desktop\C4M\Program\test7\ASA_Lib.o(ASA_Lib_7S00.o)
 .debug_line    0x00000cf3      0x35d C:\Users\lenovo\Desktop\C4M\Program\test7\ASA_Lib.o(ASA_Lib_KB00.o)
 .debug_line    0x00001050      0xdc6 C:\Users\lenovo\Desktop\C4M\Program\test7\ASA_Lib.o(ASA_Core_UART.o)
 .debug_line    0x00001e16      0x6a7 C:\Users\lenovo\Desktop\C4M\Program\test7\ASA_Lib.o(ASA_Core_Lib.o)
 .debug_line    0x000024bd      0x2f7 C:\Users\lenovo\Desktop\C4M\Program\test7\ASA_Lib.o(ASA_Lib_DIO.o)

.debug_frame    0x00000000      0x550
 *(.debug_frame)
 .debug_frame   0x00000000       0x90 test71.o
 .debug_frame   0x00000090       0xa0 C:\Users\lenovo\Desktop\C4M\Program\test7\ASA_Lib.o(ASA_Lib_M128.o)
 .debug_frame   0x00000130       0x50 C:\Users\lenovo\Desktop\C4M\Program\test7\ASA_Lib.o(ASA_Lib_7S00.o)
 .debug_frame   0x00000180       0x70 C:\Users\lenovo\Desktop\C4M\Program\test7\ASA_Lib.o(ASA_Lib_KB00.o)
 .debug_frame   0x000001f0      0x170 C:\Users\lenovo\Desktop\C4M\Program\test7\ASA_Lib.o(ASA_Core_UART.o)
 .debug_frame   0x00000360      0x190 C:\Users\lenovo\Desktop\C4M\Program\test7\ASA_Lib.o(ASA_Core_Lib.o)
 .debug_frame   0x000004f0       0x60 C:\Users\lenovo\Desktop\C4M\Program\test7\ASA_Lib.o(ASA_Lib_DIO.o)

.debug_str      0x00000000      0x8a6
 *(.debug_str)
 .debug_str     0x00000000       0xf9 test71.o
                                0x132 (size before relaxing)
 .debug_str     0x000000f9      0x16f C:\Users\lenovo\Desktop\C4M\Program\test7\ASA_Lib.o(ASA_Lib_M128.o)
                                0x217 (size before relaxing)
 .debug_str     0x00000268       0xd1 C:\Users\lenovo\Desktop\C4M\Program\test7\ASA_Lib.o(ASA_Lib_7S00.o)
                                0x18e (size before relaxing)
 .debug_str     0x00000339      0x123 C:\Users\lenovo\Desktop\C4M\Program\test7\ASA_Lib.o(ASA_Lib_KB00.o)
                                0x205 (size before relaxing)
 .debug_str     0x0000045c      0x27f C:\Users\lenovo\Desktop\C4M\Program\test7\ASA_Lib.o(ASA_Core_UART.o)
                                0x32c (size before relaxing)
 .debug_str     0x000006db      0x17c C:\Users\lenovo\Desktop\C4M\Program\test7\ASA_Lib.o(ASA_Core_Lib.o)
                                0x285 (size before relaxing)
 .debug_str     0x00000857       0x4f C:\Users\lenovo\Desktop\C4M\Program\test7\ASA_Lib.o(ASA_Lib_DIO.o)
                                 0xfb (size before relaxing)

.debug_loc      0x00000000     0x260c
 *(.debug_loc)
 .debug_loc     0x00000000      0x13d test71.o
 .debug_loc     0x0000013d      0x5a7 C:\Users\lenovo\Desktop\C4M\Program\test7\ASA_Lib.o(ASA_Lib_M128.o)
 .debug_loc     0x000006e4      0x3e9 C:\Users\lenovo\Desktop\C4M\Program\test7\ASA_Lib.o(ASA_Lib_7S00.o)
 .debug_loc     0x00000acd      0x3a4 C:\Users\lenovo\Desktop\C4M\Program\test7\ASA_Lib.o(ASA_Lib_KB00.o)
 .debug_loc     0x00000e71      0xcfa C:\Users\lenovo\Desktop\C4M\Program\test7\ASA_Lib.o(ASA_Core_UART.o)
 .debug_loc     0x00001b6b      0x476 C:\Users\lenovo\Desktop\C4M\Program\test7\ASA_Lib.o(ASA_Core_Lib.o)
 .debug_loc     0x00001fe1      0x62b C:\Users\lenovo\Desktop\C4M\Program\test7\ASA_Lib.o(ASA_Lib_DIO.o)

.debug_macinfo
 *(.debug_macinfo)
OUTPUT(test71.elf elf32-avr)
LOAD linker stubs

.debug_ranges   0x00000000       0x18
 .debug_ranges  0x00000000       0x18 C:\Users\lenovo\Desktop\C4M\Program\test7\ASA_Lib.o(ASA_Core_Lib.o)
