Archive member included to satisfy reference by file (symbol)

C:\Users\lenovo\Desktop\C4M\Program\test12\test12\test12\ASA_Lib.o(ASA_Lib_M128.o)
                              main.o (ASA_M128_set)
C:\Users\lenovo\Desktop\C4M\Program\test12\test12\test12\ASA_Lib.o(ASA_Core_UART.o)
                              C:\Users\lenovo\Desktop\C4M\Program\test12\test12\test12\ASA_Lib.o(ASA_Lib_M128.o) (timer1_set)
C:\Users\lenovo\Desktop\C4M\Program\test12\test12\test12\ASA_Lib.o(ASA_Core_Lib.o)
                              C:\Users\lenovo\Desktop\C4M\Program\test12\test12\test12\ASA_Lib.o(ASA_Lib_M128.o) (ASA_ID_set)
C:\Users\lenovo\Desktop\C4M\Program\test12\test12\test12\ASA_Lib.o(ASA_Lib_TIMER.o)
                              main.o (M128_TIM_set)
c:/program files (x86)/atmel/studio/7.0/toolchain/avr8/avr8-gnu-toolchain/bin/../lib/gcc/avr/5.4.0/avr51\libgcc.a(_exit.o)
                              C:/Program Files (x86)/Atmel/Studio/7.0/Packs/atmel/ATmega_DFP/1.2.209/gcc/dev/atmega128/avr51/crtatmega128.o (exit)
c:/program files (x86)/atmel/studio/7.0/toolchain/avr8/avr8-gnu-toolchain/bin/../lib/gcc/avr/5.4.0/avr51\libgcc.a(_copy_data.o)
                              main.o (__do_copy_data)
c:/program files (x86)/atmel/studio/7.0/toolchain/avr8/avr8-gnu-toolchain/bin/../lib/gcc/avr/5.4.0/avr51\libgcc.a(_clear_bss.o)
                              main.o (__do_clear_bss)
c:/program files (x86)/atmel/studio/7.0/toolchain/avr8/avr8-gnu-toolchain/bin/../lib/gcc/avr/5.4.0/../../../../avr/lib/avr51\libc.a(iob.o)
                              C:\Users\lenovo\Desktop\C4M\Program\test12\test12\test12\ASA_Lib.o(ASA_Lib_M128.o) (__iob)
c:/program files (x86)/atmel/studio/7.0/toolchain/avr8/avr8-gnu-toolchain/bin/../lib/gcc/avr/5.4.0/../../../../avr/lib/avr51\libc.a(printf.o)
                              main.o (printf)
c:/program files (x86)/atmel/studio/7.0/toolchain/avr8/avr8-gnu-toolchain/bin/../lib/gcc/avr/5.4.0/../../../../avr/lib/avr51\libc.a(puts.o)
                              main.o (puts)
c:/program files (x86)/atmel/studio/7.0/toolchain/avr8/avr8-gnu-toolchain/bin/../lib/gcc/avr/5.4.0/../../../../avr/lib/avr51\libc.a(vfprintf_std.o)
                              c:/program files (x86)/atmel/studio/7.0/toolchain/avr8/avr8-gnu-toolchain/bin/../lib/gcc/avr/5.4.0/../../../../avr/lib/avr51\libc.a(printf.o) (vfprintf)
c:/program files (x86)/atmel/studio/7.0/toolchain/avr8/avr8-gnu-toolchain/bin/../lib/gcc/avr/5.4.0/../../../../avr/lib/avr51\libc.a(strnlen_P.o)
                              c:/program files (x86)/atmel/studio/7.0/toolchain/avr8/avr8-gnu-toolchain/bin/../lib/gcc/avr/5.4.0/../../../../avr/lib/avr51\libc.a(vfprintf_std.o) (strnlen_P)
c:/program files (x86)/atmel/studio/7.0/toolchain/avr8/avr8-gnu-toolchain/bin/../lib/gcc/avr/5.4.0/../../../../avr/lib/avr51\libc.a(strnlen.o)
                              c:/program files (x86)/atmel/studio/7.0/toolchain/avr8/avr8-gnu-toolchain/bin/../lib/gcc/avr/5.4.0/../../../../avr/lib/avr51\libc.a(vfprintf_std.o) (strnlen)
c:/program files (x86)/atmel/studio/7.0/toolchain/avr8/avr8-gnu-toolchain/bin/../lib/gcc/avr/5.4.0/../../../../avr/lib/avr51\libc.a(fputc.o)
                              c:/program files (x86)/atmel/studio/7.0/toolchain/avr8/avr8-gnu-toolchain/bin/../lib/gcc/avr/5.4.0/../../../../avr/lib/avr51\libc.a(vfprintf_std.o) (fputc)
c:/program files (x86)/atmel/studio/7.0/toolchain/avr8/avr8-gnu-toolchain/bin/../lib/gcc/avr/5.4.0/../../../../avr/lib/avr51\libc.a(ultoa_invert.o)
                              c:/program files (x86)/atmel/studio/7.0/toolchain/avr8/avr8-gnu-toolchain/bin/../lib/gcc/avr/5.4.0/../../../../avr/lib/avr51\libc.a(vfprintf_std.o) (__ultoa_invert)

Allocating common symbols
Common symbol       size              file

ISR_Functioncounter
                    0x1               C:\Users\lenovo\Desktop\C4M\Program\test12\test12\test12\ASA_Lib.o(ASA_Lib_M128.o)
__iob               0x6               c:/program files (x86)/atmel/studio/7.0/toolchain/avr8/avr8-gnu-toolchain/bin/../lib/gcc/avr/5.4.0/../../../../avr/lib/avr51\libc.a(iob.o)

Discarded input sections

 .data          0x00000000        0x0 C:/Program Files (x86)/Atmel/Studio/7.0/Packs/atmel/ATmega_DFP/1.2.209/gcc/dev/atmega128/avr51/crtatmega128.o
 .bss           0x00000000        0x0 C:/Program Files (x86)/Atmel/Studio/7.0/Packs/atmel/ATmega_DFP/1.2.209/gcc/dev/atmega128/avr51/crtatmega128.o
 .text          0x00000000        0x0 main.o
 .data          0x00000000        0x0 main.o
 .bss           0x00000000        0x0 main.o
 .bss           0x00000000       0x14 C:\Users\lenovo\Desktop\C4M\Program\test12\test12\test12\ASA_Lib.o(ASA_Lib_M128.o)
 COMMON         0x00000000        0x1 C:\Users\lenovo\Desktop\C4M\Program\test12\test12\test12\ASA_Lib.o(ASA_Lib_M128.o)
 .data          0x00000000        0x0 C:\Users\lenovo\Desktop\C4M\Program\test12\test12\test12\ASA_Lib.o(ASA_Core_Lib.o)
 .data          0x00000000        0x0 C:\Users\lenovo\Desktop\C4M\Program\test12\test12\test12\ASA_Lib.o(ASA_Lib_TIMER.o)
 .text          0x00000000        0x0 c:/program files (x86)/atmel/studio/7.0/toolchain/avr8/avr8-gnu-toolchain/bin/../lib/gcc/avr/5.4.0/avr51\libgcc.a(_exit.o)
 .data          0x00000000        0x0 c:/program files (x86)/atmel/studio/7.0/toolchain/avr8/avr8-gnu-toolchain/bin/../lib/gcc/avr/5.4.0/avr51\libgcc.a(_exit.o)
 .bss           0x00000000        0x0 c:/program files (x86)/atmel/studio/7.0/toolchain/avr8/avr8-gnu-toolchain/bin/../lib/gcc/avr/5.4.0/avr51\libgcc.a(_exit.o)
 .text.libgcc.mul
                0x00000000        0x0 c:/program files (x86)/atmel/studio/7.0/toolchain/avr8/avr8-gnu-toolchain/bin/../lib/gcc/avr/5.4.0/avr51\libgcc.a(_exit.o)
 .text.libgcc.div
                0x00000000        0x0 c:/program files (x86)/atmel/studio/7.0/toolchain/avr8/avr8-gnu-toolchain/bin/../lib/gcc/avr/5.4.0/avr51\libgcc.a(_exit.o)
 .text.libgcc   0x00000000        0x0 c:/program files (x86)/atmel/studio/7.0/toolchain/avr8/avr8-gnu-toolchain/bin/../lib/gcc/avr/5.4.0/avr51\libgcc.a(_exit.o)
 .text.libgcc.prologue
                0x00000000        0x0 c:/program files (x86)/atmel/studio/7.0/toolchain/avr8/avr8-gnu-toolchain/bin/../lib/gcc/avr/5.4.0/avr51\libgcc.a(_exit.o)
 .text.libgcc.builtins
                0x00000000        0x0 c:/program files (x86)/atmel/studio/7.0/toolchain/avr8/avr8-gnu-toolchain/bin/../lib/gcc/avr/5.4.0/avr51\libgcc.a(_exit.o)
 .text.libgcc.fmul
                0x00000000        0x0 c:/program files (x86)/atmel/studio/7.0/toolchain/avr8/avr8-gnu-toolchain/bin/../lib/gcc/avr/5.4.0/avr51\libgcc.a(_exit.o)
 .text.libgcc.fixed
                0x00000000        0x0 c:/program files (x86)/atmel/studio/7.0/toolchain/avr8/avr8-gnu-toolchain/bin/../lib/gcc/avr/5.4.0/avr51\libgcc.a(_exit.o)
 .text          0x00000000        0x0 c:/program files (x86)/atmel/studio/7.0/toolchain/avr8/avr8-gnu-toolchain/bin/../lib/gcc/avr/5.4.0/avr51\libgcc.a(_copy_data.o)
 .data          0x00000000        0x0 c:/program files (x86)/atmel/studio/7.0/toolchain/avr8/avr8-gnu-toolchain/bin/../lib/gcc/avr/5.4.0/avr51\libgcc.a(_copy_data.o)
 .bss           0x00000000        0x0 c:/program files (x86)/atmel/studio/7.0/toolchain/avr8/avr8-gnu-toolchain/bin/../lib/gcc/avr/5.4.0/avr51\libgcc.a(_copy_data.o)
 .text.libgcc.mul
                0x00000000        0x0 c:/program files (x86)/atmel/studio/7.0/toolchain/avr8/avr8-gnu-toolchain/bin/../lib/gcc/avr/5.4.0/avr51\libgcc.a(_copy_data.o)
 .text.libgcc.div
                0x00000000        0x0 c:/program files (x86)/atmel/studio/7.0/toolchain/avr8/avr8-gnu-toolchain/bin/../lib/gcc/avr/5.4.0/avr51\libgcc.a(_copy_data.o)
 .text.libgcc   0x00000000        0x0 c:/program files (x86)/atmel/studio/7.0/toolchain/avr8/avr8-gnu-toolchain/bin/../lib/gcc/avr/5.4.0/avr51\libgcc.a(_copy_data.o)
 .text.libgcc.prologue
                0x00000000        0x0 c:/program files (x86)/atmel/studio/7.0/toolchain/avr8/avr8-gnu-toolchain/bin/../lib/gcc/avr/5.4.0/avr51\libgcc.a(_copy_data.o)
 .text.libgcc.builtins
                0x00000000        0x0 c:/program files (x86)/atmel/studio/7.0/toolchain/avr8/avr8-gnu-toolchain/bin/../lib/gcc/avr/5.4.0/avr51\libgcc.a(_copy_data.o)
 .text.libgcc.fmul
                0x00000000        0x0 c:/program files (x86)/atmel/studio/7.0/toolchain/avr8/avr8-gnu-toolchain/bin/../lib/gcc/avr/5.4.0/avr51\libgcc.a(_copy_data.o)
 .text.libgcc.fixed
                0x00000000        0x0 c:/program files (x86)/atmel/studio/7.0/toolchain/avr8/avr8-gnu-toolchain/bin/../lib/gcc/avr/5.4.0/avr51\libgcc.a(_copy_data.o)
 .text          0x00000000        0x0 c:/program files (x86)/atmel/studio/7.0/toolchain/avr8/avr8-gnu-toolchain/bin/../lib/gcc/avr/5.4.0/avr51\libgcc.a(_clear_bss.o)
 .data          0x00000000        0x0 c:/program files (x86)/atmel/studio/7.0/toolchain/avr8/avr8-gnu-toolchain/bin/../lib/gcc/avr/5.4.0/avr51\libgcc.a(_clear_bss.o)
 .bss           0x00000000        0x0 c:/program files (x86)/atmel/studio/7.0/toolchain/avr8/avr8-gnu-toolchain/bin/../lib/gcc/avr/5.4.0/avr51\libgcc.a(_clear_bss.o)
 .text.libgcc.mul
                0x00000000        0x0 c:/program files (x86)/atmel/studio/7.0/toolchain/avr8/avr8-gnu-toolchain/bin/../lib/gcc/avr/5.4.0/avr51\libgcc.a(_clear_bss.o)
 .text.libgcc.div
                0x00000000        0x0 c:/program files (x86)/atmel/studio/7.0/toolchain/avr8/avr8-gnu-toolchain/bin/../lib/gcc/avr/5.4.0/avr51\libgcc.a(_clear_bss.o)
 .text.libgcc   0x00000000        0x0 c:/program files (x86)/atmel/studio/7.0/toolchain/avr8/avr8-gnu-toolchain/bin/../lib/gcc/avr/5.4.0/avr51\libgcc.a(_clear_bss.o)
 .text.libgcc.prologue
                0x00000000        0x0 c:/program files (x86)/atmel/studio/7.0/toolchain/avr8/avr8-gnu-toolchain/bin/../lib/gcc/avr/5.4.0/avr51\libgcc.a(_clear_bss.o)
 .text.libgcc.builtins
                0x00000000        0x0 c:/program files (x86)/atmel/studio/7.0/toolchain/avr8/avr8-gnu-toolchain/bin/../lib/gcc/avr/5.4.0/avr51\libgcc.a(_clear_bss.o)
 .text.libgcc.fmul
                0x00000000        0x0 c:/program files (x86)/atmel/studio/7.0/toolchain/avr8/avr8-gnu-toolchain/bin/../lib/gcc/avr/5.4.0/avr51\libgcc.a(_clear_bss.o)
 .text.libgcc.fixed
                0x00000000        0x0 c:/program files (x86)/atmel/studio/7.0/toolchain/avr8/avr8-gnu-toolchain/bin/../lib/gcc/avr/5.4.0/avr51\libgcc.a(_clear_bss.o)
 .text          0x00000000        0x0 c:/program files (x86)/atmel/studio/7.0/toolchain/avr8/avr8-gnu-toolchain/bin/../lib/gcc/avr/5.4.0/../../../../avr/lib/avr51\libc.a(iob.o)
 .data          0x00000000        0x0 c:/program files (x86)/atmel/studio/7.0/toolchain/avr8/avr8-gnu-toolchain/bin/../lib/gcc/avr/5.4.0/../../../../avr/lib/avr51\libc.a(iob.o)
 .bss           0x00000000        0x0 c:/program files (x86)/atmel/studio/7.0/toolchain/avr8/avr8-gnu-toolchain/bin/../lib/gcc/avr/5.4.0/../../../../avr/lib/avr51\libc.a(iob.o)
 .text          0x00000000        0x0 c:/program files (x86)/atmel/studio/7.0/toolchain/avr8/avr8-gnu-toolchain/bin/../lib/gcc/avr/5.4.0/../../../../avr/lib/avr51\libc.a(printf.o)
 .data          0x00000000        0x0 c:/program files (x86)/atmel/studio/7.0/toolchain/avr8/avr8-gnu-toolchain/bin/../lib/gcc/avr/5.4.0/../../../../avr/lib/avr51\libc.a(printf.o)
 .bss           0x00000000        0x0 c:/program files (x86)/atmel/studio/7.0/toolchain/avr8/avr8-gnu-toolchain/bin/../lib/gcc/avr/5.4.0/../../../../avr/lib/avr51\libc.a(printf.o)
 .text          0x00000000        0x0 c:/program files (x86)/atmel/studio/7.0/toolchain/avr8/avr8-gnu-toolchain/bin/../lib/gcc/avr/5.4.0/../../../../avr/lib/avr51\libc.a(puts.o)
 .data          0x00000000        0x0 c:/program files (x86)/atmel/studio/7.0/toolchain/avr8/avr8-gnu-toolchain/bin/../lib/gcc/avr/5.4.0/../../../../avr/lib/avr51\libc.a(puts.o)
 .bss           0x00000000        0x0 c:/program files (x86)/atmel/studio/7.0/toolchain/avr8/avr8-gnu-toolchain/bin/../lib/gcc/avr/5.4.0/../../../../avr/lib/avr51\libc.a(puts.o)
 .text          0x00000000        0x0 c:/program files (x86)/atmel/studio/7.0/toolchain/avr8/avr8-gnu-toolchain/bin/../lib/gcc/avr/5.4.0/../../../../avr/lib/avr51\libc.a(vfprintf_std.o)
 .data          0x00000000        0x0 c:/program files (x86)/atmel/studio/7.0/toolchain/avr8/avr8-gnu-toolchain/bin/../lib/gcc/avr/5.4.0/../../../../avr/lib/avr51\libc.a(vfprintf_std.o)
 .bss           0x00000000        0x0 c:/program files (x86)/atmel/studio/7.0/toolchain/avr8/avr8-gnu-toolchain/bin/../lib/gcc/avr/5.4.0/../../../../avr/lib/avr51\libc.a(vfprintf_std.o)
 .text          0x00000000        0x0 c:/program files (x86)/atmel/studio/7.0/toolchain/avr8/avr8-gnu-toolchain/bin/../lib/gcc/avr/5.4.0/../../../../avr/lib/avr51\libc.a(strnlen_P.o)
 .data          0x00000000        0x0 c:/program files (x86)/atmel/studio/7.0/toolchain/avr8/avr8-gnu-toolchain/bin/../lib/gcc/avr/5.4.0/../../../../avr/lib/avr51\libc.a(strnlen_P.o)
 .bss           0x00000000        0x0 c:/program files (x86)/atmel/studio/7.0/toolchain/avr8/avr8-gnu-toolchain/bin/../lib/gcc/avr/5.4.0/../../../../avr/lib/avr51\libc.a(strnlen_P.o)
 .text          0x00000000        0x0 c:/program files (x86)/atmel/studio/7.0/toolchain/avr8/avr8-gnu-toolchain/bin/../lib/gcc/avr/5.4.0/../../../../avr/lib/avr51\libc.a(strnlen.o)
 .data          0x00000000        0x0 c:/program files (x86)/atmel/studio/7.0/toolchain/avr8/avr8-gnu-toolchain/bin/../lib/gcc/avr/5.4.0/../../../../avr/lib/avr51\libc.a(strnlen.o)
 .bss           0x00000000        0x0 c:/program files (x86)/atmel/studio/7.0/toolchain/avr8/avr8-gnu-toolchain/bin/../lib/gcc/avr/5.4.0/../../../../avr/lib/avr51\libc.a(strnlen.o)
 .text          0x00000000        0x0 c:/program files (x86)/atmel/studio/7.0/toolchain/avr8/avr8-gnu-toolchain/bin/../lib/gcc/avr/5.4.0/../../../../avr/lib/avr51\libc.a(fputc.o)
 .data          0x00000000        0x0 c:/program files (x86)/atmel/studio/7.0/toolchain/avr8/avr8-gnu-toolchain/bin/../lib/gcc/avr/5.4.0/../../../../avr/lib/avr51\libc.a(fputc.o)
 .bss           0x00000000        0x0 c:/program files (x86)/atmel/studio/7.0/toolchain/avr8/avr8-gnu-toolchain/bin/../lib/gcc/avr/5.4.0/../../../../avr/lib/avr51\libc.a(fputc.o)
 .text          0x00000000        0x0 c:/program files (x86)/atmel/studio/7.0/toolchain/avr8/avr8-gnu-toolchain/bin/../lib/gcc/avr/5.4.0/../../../../avr/lib/avr51\libc.a(ultoa_invert.o)
 .data          0x00000000        0x0 c:/program files (x86)/atmel/studio/7.0/toolchain/avr8/avr8-gnu-toolchain/bin/../lib/gcc/avr/5.4.0/../../../../avr/lib/avr51\libc.a(ultoa_invert.o)
 .bss           0x00000000        0x0 c:/program files (x86)/atmel/studio/7.0/toolchain/avr8/avr8-gnu-toolchain/bin/../lib/gcc/avr/5.4.0/../../../../avr/lib/avr51\libc.a(ultoa_invert.o)

Memory Configuration

Name             Origin             Length             Attributes
text             0x00000000         0x00020000         xr
data             0x00800100         0x0000ff00         rw !x
eeprom           0x00810000         0x00010000         rw !x
fuse             0x00820000         0x00000003         rw !x
lock             0x00830000         0x00000400         rw !x
signature        0x00840000         0x00000400         rw !x
user_signatures  0x00850000         0x00000400         rw !x
*default*        0x00000000         0xffffffff

Linker script and memory map

Address of section .data set to 0x800100
LOAD C:/Program Files (x86)/Atmel/Studio/7.0/Packs/atmel/ATmega_DFP/1.2.209/gcc/dev/atmega128/avr51/crtatmega128.o
LOAD main.o
START GROUP
LOAD c:/program files (x86)/atmel/studio/7.0/toolchain/avr8/avr8-gnu-toolchain/bin/../lib/gcc/avr/5.4.0/../../../../avr/lib/avr51\libm.a
END GROUP
LOAD C:\Users\lenovo\Desktop\C4M\Program\test12\test12\test12\ASA_Lib.o
START GROUP
LOAD c:/program files (x86)/atmel/studio/7.0/toolchain/avr8/avr8-gnu-toolchain/bin/../lib/gcc/avr/5.4.0/avr51\libgcc.a
LOAD c:/program files (x86)/atmel/studio/7.0/toolchain/avr8/avr8-gnu-toolchain/bin/../lib/gcc/avr/5.4.0/../../../../avr/lib/avr51\libm.a
LOAD c:/program files (x86)/atmel/studio/7.0/toolchain/avr8/avr8-gnu-toolchain/bin/../lib/gcc/avr/5.4.0/../../../../avr/lib/avr51\libc.a
LOAD C:/Program Files (x86)/Atmel/Studio/7.0/Packs/atmel/ATmega_DFP/1.2.209/gcc/dev/atmega128/avr51\libatmega128.a
END GROUP
                0x00020000                __TEXT_REGION_LENGTH__ = DEFINED (__TEXT_REGION_LENGTH__)?__TEXT_REGION_LENGTH__:0x20000
                0x0000ff00                __DATA_REGION_LENGTH__ = DEFINED (__DATA_REGION_LENGTH__)?__DATA_REGION_LENGTH__:0xff00
                0x00010000                __EEPROM_REGION_LENGTH__ = DEFINED (__EEPROM_REGION_LENGTH__)?__EEPROM_REGION_LENGTH__:0x10000
                [0x00000003]                __FUSE_REGION_LENGTH__ = DEFINED (__FUSE_REGION_LENGTH__)?__FUSE_REGION_LENGTH__:0x400
                0x00000400                __LOCK_REGION_LENGTH__ = DEFINED (__LOCK_REGION_LENGTH__)?__LOCK_REGION_LENGTH__:0x400
                0x00000400                __SIGNATURE_REGION_LENGTH__ = DEFINED (__SIGNATURE_REGION_LENGTH__)?__SIGNATURE_REGION_LENGTH__:0x400
                0x00000400                __USER_SIGNATURE_REGION_LENGTH__ = DEFINED (__USER_SIGNATURE_REGION_LENGTH__)?__USER_SIGNATURE_REGION_LENGTH__:0x400

.hash
 *(.hash)

.dynsym
 *(.dynsym)

.dynstr
 *(.dynstr)

.gnu.version
 *(.gnu.version)

.gnu.version_d
 *(.gnu.version_d)

.gnu.version_r
 *(.gnu.version_r)

.rel.init
 *(.rel.init)

.rela.init
 *(.rela.init)

.rel.text
 *(.rel.text)
 *(.rel.text.*)
 *(.rel.gnu.linkonce.t*)

.rela.text
 *(.rela.text)
 *(.rela.text.*)
 *(.rela.gnu.linkonce.t*)

.rel.fini
 *(.rel.fini)

.rela.fini
 *(.rela.fini)

.rel.rodata
 *(.rel.rodata)
 *(.rel.rodata.*)
 *(.rel.gnu.linkonce.r*)

.rela.rodata
 *(.rela.rodata)
 *(.rela.rodata.*)
 *(.rela.gnu.linkonce.r*)

.rel.data
 *(.rel.data)
 *(.rel.data.*)
 *(.rel.gnu.linkonce.d*)

.rela.data
 *(.rela.data)
 *(.rela.data.*)
 *(.rela.gnu.linkonce.d*)

.rel.ctors
 *(.rel.ctors)

.rela.ctors
 *(.rela.ctors)

.rel.dtors
 *(.rel.dtors)

.rela.dtors
 *(.rela.dtors)

.rel.got
 *(.rel.got)

.rela.got
 *(.rela.got)

.rel.bss
 *(.rel.bss)

.rela.bss
 *(.rela.bss)

.rel.plt
 *(.rel.plt)

.rela.plt
 *(.rela.plt)

.text           0x00000000     0x28da
 *(.vectors)
 .vectors       0x00000000       0x8c C:/Program Files (x86)/Atmel/Studio/7.0/Packs/atmel/ATmega_DFP/1.2.209/gcc/dev/atmega128/avr51/crtatmega128.o
                0x00000000                __vector_default
                0x00000000                __vectors
 *(.vectors)
 *(.progmem.gcc*)
 .progmem.gcc_sw_table
                0x0000008c       0x36 C:\Users\lenovo\Desktop\C4M\Program\test12\test12\test12\ASA_Lib.o(ASA_Lib_TIMER.o)
                0x000000c2                . = ALIGN (0x2)
                0x000000c2                __trampolines_start = .
 *(.trampolines)
 .trampolines   0x000000c2        0x0 linker stubs
 *(.trampolines*)
                0x000000c2                __trampolines_end = .
 *libprintf_flt.a:*(.progmem.data)
 *libc.a:*(.progmem.data)
 *(.progmem*)
                0x000000c2                . = ALIGN (0x2)
 *(.jumptables)
 *(.jumptables*)
 *(.lowtext)
 *(.lowtext*)
                0x000000c2                __ctors_start = .
 *(.ctors)
                0x000000c2                __ctors_end = .
                0x000000c2                __dtors_start = .
 *(.dtors)
                0x000000c2                __dtors_end = .
 SORT(*)(.ctors)
 SORT(*)(.dtors)
 *(.init0)
 .init0         0x000000c2        0x0 C:/Program Files (x86)/Atmel/Studio/7.0/Packs/atmel/ATmega_DFP/1.2.209/gcc/dev/atmega128/avr51/crtatmega128.o
                0x000000c2                __init
 *(.init0)
 *(.init1)
 *(.init1)
 *(.init2)
 .init2         0x000000c2        0xc C:/Program Files (x86)/Atmel/Studio/7.0/Packs/atmel/ATmega_DFP/1.2.209/gcc/dev/atmega128/avr51/crtatmega128.o
 *(.init2)
 *(.init3)
 *(.init3)
 *(.init4)
 .init4         0x000000ce       0x1a c:/program files (x86)/atmel/studio/7.0/toolchain/avr8/avr8-gnu-toolchain/bin/../lib/gcc/avr/5.4.0/avr51\libgcc.a(_copy_data.o)
                0x000000ce                __do_copy_data
 .init4         0x000000e8       0x10 c:/program files (x86)/atmel/studio/7.0/toolchain/avr8/avr8-gnu-toolchain/bin/../lib/gcc/avr/5.4.0/avr51\libgcc.a(_clear_bss.o)
                0x000000e8                __do_clear_bss
 *(.init4)
 *(.init5)
 *(.init5)
 *(.init6)
 *(.init6)
 *(.init7)
 *(.init7)
 *(.init8)
 *(.init8)
 *(.init9)
 .init9         0x000000f8        0x8 C:/Program Files (x86)/Atmel/Studio/7.0/Packs/atmel/ATmega_DFP/1.2.209/gcc/dev/atmega128/avr51/crtatmega128.o
 *(.init9)
 *(.text)
 .text          0x00000100        0x2 C:/Program Files (x86)/Atmel/Studio/7.0/Packs/atmel/ATmega_DFP/1.2.209/gcc/dev/atmega128/avr51/crtatmega128.o
                0x00000100                __vector_22
                0x00000100                __vector_28
                0x00000100                __vector_1
                0x00000100                __vector_34
                0x00000100                __vector_24
                0x00000100                __bad_interrupt
                0x00000100                __vector_6
                0x00000100                __vector_31
                0x00000100                __vector_3
                0x00000100                __vector_23
                0x00000100                __vector_13
                0x00000100                __vector_17
                0x00000100                __vector_19
                0x00000100                __vector_7
                0x00000100                __vector_27
                0x00000100                __vector_5
                0x00000100                __vector_33
                0x00000100                __vector_4
                0x00000100                __vector_2
                0x00000100                __vector_21
                0x00000100                __vector_29
                0x00000100                __vector_8
                0x00000100                __vector_14
                0x00000100                __vector_10
                0x00000100                __vector_16
                0x00000100                __vector_18
                0x00000100                __vector_20
 .text          0x00000102      0x44a C:\Users\lenovo\Desktop\C4M\Program\test12\test12\test12\ASA_Lib.o(ASA_Lib_M128.o)
                0x00000102                stdio_putchar
                0x0000011c                stdio_getchar
                0x00000132                DIO_fpt
                0x000001ba                DIO_fgt
                0x00000282                HMI_Transceiver_get
                0x00000302                HMI_Structure_get
                0x000003ca                HMI_Structure_put
                0x00000492                HMI_Transceiver_put
                0x000004f0                ASA_M128_set
 .text          0x0000054c     0x107a C:\Users\lenovo\Desktop\C4M\Program\test12\test12\test12\ASA_Lib.o(ASA_Core_UART.o)
                0x0000054c                FrcStSw
                0x00000552                EnUnpk
                0x00000562                DisUnpk
                0x0000056e                timer1_set
                0x0000058e                RstTimeout
                0x00000596                BatchBuffer_put
                0x00000620                BatchBuffer_get
                0x000006c4                __vector_32
                0x00000738                BatchBuffer_full
                0x00000740                BatchBuffer_clear
                0x0000075a                __vector_30
                0x000008ce                __vector_12
                0x00000980                ASA_RS485_fgt
                0x00000acc                ASA_RS485_fpt
                0x00000c0e                ASA_RS485_get
                0x00000d78                ASA_RS485_put
                0x00000eae                ASA_RS485_set
                0x00000fee                ASA_UART_fgt
                0x0000111c                ASA_UART_fpt
                0x00001240                ASA_UART_get
                0x0000138c                ASA_UART_put
                0x000014a4                ASA_UART_set
 .text          0x000015c6      0x3f8 C:\Users\lenovo\Desktop\C4M\Program\test12\test12\test12\ASA_Lib.o(ASA_Core_Lib.o)
                0x000015c6                ASA_ID_check
                0x000015d2                ASA_ID_set
                0x000015ee                UART1_putchar
                0x00001606                UART1_getchar
                0x00001614                SPI_Transfer
                0x0000161e                SPI_Receive
                0x00001628                ASA_putchar
                0x00001650                ASA_getchar
                0x0000168c                PC_putchar
                0x00001694                PC_getchar
                0x0000169c                TWI_ERROR
                0x000016a4                TWI_Start
                0x000016ca                TWI_Stop
                0x000016d2                TWI_ReStart
                0x000016f8                TWI_SendSLAW
                0x00001722                TWI_SendSLAR
                0x0000174a                TWI_TransmitData
                0x0000176e                TWI_ReceiveData
                0x00001792                TWI_SendNoAck
                0x000017b2                TWI_wr
                0x000017da                TWI_rd
                0x00001806                TWI_initialize
                0x0000180c                TWI_Write
                0x000018b0                TWI_Read
 .text          0x000019be      0x836 C:\Users\lenovo\Desktop\C4M\Program\test12\test12\test12\ASA_Lib.o(ASA_Lib_TIMER.o)
                0x000019be                M128_TIM_set
                0x00001c5e                M128_TIM_get
                0x00001cc0                M128_TIM_put
                0x00001d3e                M128_TIM_fpt
                0x00001d42                M128_TIM_isr
                0x00001e6a                M128_TIM_isr_remove
                0x00002088                __vector_15
                0x000020f4                __vector_9
                0x00002160                __vector_26
                0x000021cc                __vector_11
                0x000021e0                __vector_25
                0x000021f4                . = ALIGN (0x2)
 *(.text.*)
 .text.timer2_fun
                0x000021f4       0x4a main.o
                0x000021f4                timer2_fun
 .text.main     0x0000223e       0xb8 main.o
                0x0000223e                main
 .text.avr-libc
                0x000022f6       0x26 c:/program files (x86)/atmel/studio/7.0/toolchain/avr8/avr8-gnu-toolchain/bin/../lib/gcc/avr/5.4.0/../../../../avr/lib/avr51\libc.a(printf.o)
                0x000022f6                printf
 .text.avr-libc
                0x0000231c       0x60 c:/program files (x86)/atmel/studio/7.0/toolchain/avr8/avr8-gnu-toolchain/bin/../lib/gcc/avr/5.4.0/../../../../avr/lib/avr51\libc.a(puts.o)
                0x0000231c                puts
 .text.avr-libc
                0x0000237c      0x3fa c:/program files (x86)/atmel/studio/7.0/toolchain/avr8/avr8-gnu-toolchain/bin/../lib/gcc/avr/5.4.0/../../../../avr/lib/avr51\libc.a(vfprintf_std.o)
                0x0000237c                vfprintf
 .text.avr-libc
                0x00002776       0x16 c:/program files (x86)/atmel/studio/7.0/toolchain/avr8/avr8-gnu-toolchain/bin/../lib/gcc/avr/5.4.0/../../../../avr/lib/avr51\libc.a(strnlen_P.o)
                0x00002776                strnlen_P
 .text.avr-libc
                0x0000278c       0x16 c:/program files (x86)/atmel/studio/7.0/toolchain/avr8/avr8-gnu-toolchain/bin/../lib/gcc/avr/5.4.0/../../../../avr/lib/avr51\libc.a(strnlen.o)
                0x0000278c                strnlen
 .text.avr-libc
                0x000027a2       0x78 c:/program files (x86)/atmel/studio/7.0/toolchain/avr8/avr8-gnu-toolchain/bin/../lib/gcc/avr/5.4.0/../../../../avr/lib/avr51\libc.a(fputc.o)
                0x000027a2                fputc
 .text.avr-libc
                0x0000281a       0xbc c:/program files (x86)/atmel/studio/7.0/toolchain/avr8/avr8-gnu-toolchain/bin/../lib/gcc/avr/5.4.0/../../../../avr/lib/avr51\libc.a(ultoa_invert.o)
                0x0000281a                __ultoa_invert
                0x000028d6                . = ALIGN (0x2)
 *(.fini9)
 .fini9         0x000028d6        0x0 c:/program files (x86)/atmel/studio/7.0/toolchain/avr8/avr8-gnu-toolchain/bin/../lib/gcc/avr/5.4.0/avr51\libgcc.a(_exit.o)
                0x000028d6                _exit
                0x000028d6                exit
 *(.fini9)
 *(.fini8)
 *(.fini8)
 *(.fini7)
 *(.fini7)
 *(.fini6)
 *(.fini6)
 *(.fini5)
 *(.fini5)
 *(.fini4)
 *(.fini4)
 *(.fini3)
 *(.fini3)
 *(.fini2)
 *(.fini2)
 *(.fini1)
 *(.fini1)
 *(.fini0)
 .fini0         0x000028d6        0x4 c:/program files (x86)/atmel/studio/7.0/toolchain/avr8/avr8-gnu-toolchain/bin/../lib/gcc/avr/5.4.0/avr51\libgcc.a(_exit.o)
 *(.fini0)
                0x000028da                _etext = .

.data           0x00800100       0x9a load address 0x000028da
                0x00800100                PROVIDE (__data_start, .)
 *(.data)
 .data          0x00800100        0xe C:\Users\lenovo\Desktop\C4M\Program\test12\test12\test12\ASA_Lib.o(ASA_Lib_M128.o)
 .data          0x0080010e       0x48 C:\Users\lenovo\Desktop\C4M\Program\test12\test12\test12\ASA_Lib.o(ASA_Core_UART.o)
 *(.data*)
 *(.gnu.linkonce.d*)
 *(.rodata)
 *(.rodata*)
 .rodata.str1.1
                0x00800156       0x43 main.o
 *(.gnu.linkonce.r*)
                0x0080019a                . = ALIGN (0x2)
 *fill*         0x00800199        0x1 
                0x0080019a                _edata = .
                0x0080019a                PROVIDE (__data_end, .)

.bss            0x0080019a       0xba
                0x0080019a                PROVIDE (__bss_start, .)
 *(.bss)
 .bss           0x0080019a       0x57 C:\Users\lenovo\Desktop\C4M\Program\test12\test12\test12\ASA_Lib.o(ASA_Core_UART.o)
 .bss           0x008001f1        0x1 C:\Users\lenovo\Desktop\C4M\Program\test12\test12\test12\ASA_Lib.o(ASA_Core_Lib.o)
 .bss           0x008001f2       0x54 C:\Users\lenovo\Desktop\C4M\Program\test12\test12\test12\ASA_Lib.o(ASA_Lib_TIMER.o)
                0x008001f2                m128_timer_isr
 *(.bss*)
 .bss.last_sec  0x00800246        0x2 main.o
                0x00800246                last_sec
 .bss.ftp       0x00800248        0x2 main.o
                0x00800248                ftp
 .bss.msc       0x0080024a        0x2 main.o
                0x0080024a                msc
 .bss.sec       0x0080024c        0x2 main.o
                0x0080024c                sec
 *(COMMON)
 COMMON         0x0080024e        0x6 c:/program files (x86)/atmel/studio/7.0/toolchain/avr8/avr8-gnu-toolchain/bin/../lib/gcc/avr/5.4.0/../../../../avr/lib/avr51\libc.a(iob.o)
                0x0080024e                __iob
                0x00800254                PROVIDE (__bss_end, .)
                0x000028da                __data_load_start = LOADADDR (.data)
                0x00002974                __data_load_end = (__data_load_start + SIZEOF (.data))

.noinit         0x00800254        0x0
                [!provide]                PROVIDE (__noinit_start, .)
 *(.noinit*)
                [!provide]                PROVIDE (__noinit_end, .)
                0x00800254                _end = .
                [!provide]                PROVIDE (__heap_start, .)

.eeprom         0x00810000        0x0
 *(.eeprom*)
                0x00810000                __eeprom_end = .

.fuse
 *(.fuse)
 *(.lfuse)
 *(.hfuse)
 *(.efuse)

.lock
 *(.lock*)

.signature
 *(.signature*)

.user_signatures
 *(.user_signatures*)

.stab
 *(.stab)

.stabstr
 *(.stabstr)

.stab.excl
 *(.stab.excl)

.stab.exclstr
 *(.stab.exclstr)

.stab.index
 *(.stab.index)

.stab.indexstr
 *(.stab.indexstr)

.comment        0x00000000       0x5c
 *(.comment)
 .comment       0x00000000       0x30 main.o
                                 0x31 (size before relaxing)
 .comment       0x00000030       0x31 c:/program files (x86)/atmel/studio/7.0/toolchain/avr8/avr8-gnu-toolchain/bin/../lib/gcc/avr/5.4.0/../../../../avr/lib/avr51\libc.a(iob.o)
 .comment       0x00000030       0x31 c:/program files (x86)/atmel/studio/7.0/toolchain/avr8/avr8-gnu-toolchain/bin/../lib/gcc/avr/5.4.0/../../../../avr/lib/avr51\libc.a(printf.o)
 .comment       0x00000030       0x31 c:/program files (x86)/atmel/studio/7.0/toolchain/avr8/avr8-gnu-toolchain/bin/../lib/gcc/avr/5.4.0/../../../../avr/lib/avr51\libc.a(puts.o)
 .comment       0x00000030       0x2c c:/program files (x86)/atmel/studio/7.0/toolchain/avr8/avr8-gnu-toolchain/bin/../lib/gcc/avr/5.4.0/../../../../avr/lib/avr51\libc.a(vfprintf_std.o)
                                 0x2d (size before relaxing)
 .comment       0x0000005c       0x31 c:/program files (x86)/atmel/studio/7.0/toolchain/avr8/avr8-gnu-toolchain/bin/../lib/gcc/avr/5.4.0/../../../../avr/lib/avr51\libc.a(fputc.o)

.note.gnu.avr.deviceinfo
                0x00000000       0x3c
 .note.gnu.avr.deviceinfo
                0x00000000       0x3c C:/Program Files (x86)/Atmel/Studio/7.0/Packs/atmel/ATmega_DFP/1.2.209/gcc/dev/atmega128/avr51/crtatmega128.o

.note.gnu.build-id
 *(.note.gnu.build-id)

.debug
 *(.debug)

.line
 *(.line)

.debug_srcinfo
 *(.debug_srcinfo)

.debug_sfnames
 *(.debug_sfnames)

.debug_aranges  0x00000000       0xa8
 *(.debug_aranges)
 .debug_aranges
                0x00000000       0x28 main.o
 .debug_aranges
                0x00000028       0x20 C:\Users\lenovo\Desktop\C4M\Program\test12\test12\test12\ASA_Lib.o(ASA_Lib_M128.o)
 .debug_aranges
                0x00000048       0x20 C:\Users\lenovo\Desktop\C4M\Program\test12\test12\test12\ASA_Lib.o(ASA_Core_UART.o)
 .debug_aranges
                0x00000068       0x20 C:\Users\lenovo\Desktop\C4M\Program\test12\test12\test12\ASA_Lib.o(ASA_Core_Lib.o)
 .debug_aranges
                0x00000088       0x20 C:\Users\lenovo\Desktop\C4M\Program\test12\test12\test12\ASA_Lib.o(ASA_Lib_TIMER.o)

.debug_pubnames
                0x00000000      0x4e0
 *(.debug_pubnames)
 .debug_pubnames
                0x00000000       0xeb C:\Users\lenovo\Desktop\C4M\Program\test12\test12\test12\ASA_Lib.o(ASA_Lib_M128.o)
 .debug_pubnames
                0x000000eb      0x185 C:\Users\lenovo\Desktop\C4M\Program\test12\test12\test12\ASA_Lib.o(ASA_Core_UART.o)
 .debug_pubnames
                0x00000270      0x18f C:\Users\lenovo\Desktop\C4M\Program\test12\test12\test12\ASA_Lib.o(ASA_Core_Lib.o)
 .debug_pubnames
                0x000003ff       0xe1 C:\Users\lenovo\Desktop\C4M\Program\test12\test12\test12\ASA_Lib.o(ASA_Lib_TIMER.o)

.debug_info     0x00000000     0x2b4f
 *(.debug_info .gnu.linkonce.wi.*)
 .debug_info    0x00000000      0x780 C:/Program Files (x86)/Atmel/Studio/7.0/Packs/atmel/ATmega_DFP/1.2.209/gcc/dev/atmega128/avr51/crtatmega128.o
 .debug_info    0x00000780      0x2cd main.o
 .debug_info    0x00000a4d      0x4d0 C:\Users\lenovo\Desktop\C4M\Program\test12\test12\test12\ASA_Lib.o(ASA_Lib_M128.o)
 .debug_info    0x00000f1d      0xe9e C:\Users\lenovo\Desktop\C4M\Program\test12\test12\test12\ASA_Lib.o(ASA_Core_UART.o)
 .debug_info    0x00001dbb      0x852 C:\Users\lenovo\Desktop\C4M\Program\test12\test12\test12\ASA_Lib.o(ASA_Core_Lib.o)
 .debug_info    0x0000260d      0x542 C:\Users\lenovo\Desktop\C4M\Program\test12\test12\test12\ASA_Lib.o(ASA_Lib_TIMER.o)

.debug_abbrev   0x00000000      0xff3
 *(.debug_abbrev)
 .debug_abbrev  0x00000000      0x718 C:/Program Files (x86)/Atmel/Studio/7.0/Packs/atmel/ATmega_DFP/1.2.209/gcc/dev/atmega128/avr51/crtatmega128.o
 .debug_abbrev  0x00000718      0x164 main.o
 .debug_abbrev  0x0000087c      0x17a C:\Users\lenovo\Desktop\C4M\Program\test12\test12\test12\ASA_Lib.o(ASA_Lib_M128.o)
 .debug_abbrev  0x000009f6      0x24b C:\Users\lenovo\Desktop\C4M\Program\test12\test12\test12\ASA_Lib.o(ASA_Core_UART.o)
 .debug_abbrev  0x00000c41      0x234 C:\Users\lenovo\Desktop\C4M\Program\test12\test12\test12\ASA_Lib.o(ASA_Core_Lib.o)
 .debug_abbrev  0x00000e75      0x17e C:\Users\lenovo\Desktop\C4M\Program\test12\test12\test12\ASA_Lib.o(ASA_Lib_TIMER.o)

.debug_line     0x00000000     0x20e9
 *(.debug_line .debug_line.* .debug_line_end)
 .debug_line    0x00000000      0x169 C:/Program Files (x86)/Atmel/Studio/7.0/Packs/atmel/ATmega_DFP/1.2.209/gcc/dev/atmega128/avr51/crtatmega128.o
 .debug_line    0x00000169      0x1cd main.o
 .debug_line    0x00000336      0x485 C:\Users\lenovo\Desktop\C4M\Program\test12\test12\test12\ASA_Lib.o(ASA_Lib_M128.o)
 .debug_line    0x000007bb      0xdc6 C:\Users\lenovo\Desktop\C4M\Program\test12\test12\test12\ASA_Lib.o(ASA_Core_UART.o)
 .debug_line    0x00001581      0x6a7 C:\Users\lenovo\Desktop\C4M\Program\test12\test12\test12\ASA_Lib.o(ASA_Core_Lib.o)
 .debug_line    0x00001c28      0x4c1 C:\Users\lenovo\Desktop\C4M\Program\test12\test12\test12\ASA_Lib.o(ASA_Lib_TIMER.o)

.debug_frame    0x00000000      0x4a4
 *(.debug_frame)
 .debug_frame   0x00000000       0x44 main.o
 .debug_frame   0x00000044       0xa0 C:\Users\lenovo\Desktop\C4M\Program\test12\test12\test12\ASA_Lib.o(ASA_Lib_M128.o)
 .debug_frame   0x000000e4      0x170 C:\Users\lenovo\Desktop\C4M\Program\test12\test12\test12\ASA_Lib.o(ASA_Core_UART.o)
 .debug_frame   0x00000254      0x190 C:\Users\lenovo\Desktop\C4M\Program\test12\test12\test12\ASA_Lib.o(ASA_Core_Lib.o)
 .debug_frame   0x000003e4       0xc0 C:\Users\lenovo\Desktop\C4M\Program\test12\test12\test12\ASA_Lib.o(ASA_Lib_TIMER.o)

.debug_str      0x00000000      0xb16
 *(.debug_str)
 .debug_str     0x00000000      0x27d C:/Program Files (x86)/Atmel/Studio/7.0/Packs/atmel/ATmega_DFP/1.2.209/gcc/dev/atmega128/avr51/crtatmega128.o
 .debug_str     0x0000027d      0x1e5 main.o
                                0x223 (size before relaxing)
 .debug_str     0x00000462      0x177 C:\Users\lenovo\Desktop\C4M\Program\test12\test12\test12\ASA_Lib.o(ASA_Lib_M128.o)
                                0x217 (size before relaxing)
 .debug_str     0x000005d9      0x27f C:\Users\lenovo\Desktop\C4M\Program\test12\test12\test12\ASA_Lib.o(ASA_Core_UART.o)
                                0x32c (size before relaxing)
 .debug_str     0x00000858      0x1c7 C:\Users\lenovo\Desktop\C4M\Program\test12\test12\test12\ASA_Lib.o(ASA_Core_Lib.o)
                                0x285 (size before relaxing)
 .debug_str     0x00000a1f       0xf7 C:\Users\lenovo\Desktop\C4M\Program\test12\test12\test12\ASA_Lib.o(ASA_Lib_TIMER.o)
                                0x1cc (size before relaxing)

.debug_loc      0x00000000     0x1f2a
 *(.debug_loc)
 .debug_loc     0x00000000       0x8e main.o
 .debug_loc     0x0000008e      0x5a7 C:\Users\lenovo\Desktop\C4M\Program\test12\test12\test12\ASA_Lib.o(ASA_Lib_M128.o)
 .debug_loc     0x00000635      0xcfa C:\Users\lenovo\Desktop\C4M\Program\test12\test12\test12\ASA_Lib.o(ASA_Core_UART.o)
 .debug_loc     0x0000132f      0x476 C:\Users\lenovo\Desktop\C4M\Program\test12\test12\test12\ASA_Lib.o(ASA_Core_Lib.o)
 .debug_loc     0x000017a5      0x785 C:\Users\lenovo\Desktop\C4M\Program\test12\test12\test12\ASA_Lib.o(ASA_Lib_TIMER.o)

.debug_macinfo
 *(.debug_macinfo)

.debug_weaknames
 *(.debug_weaknames)

.debug_funcnames
 *(.debug_funcnames)

.debug_typenames
 *(.debug_typenames)

.debug_varnames
 *(.debug_varnames)

.debug_pubtypes
 *(.debug_pubtypes)

.debug_ranges   0x00000000       0x30
 *(.debug_ranges)
 .debug_ranges  0x00000000       0x18 main.o
 .debug_ranges  0x00000018       0x18 C:\Users\lenovo\Desktop\C4M\Program\test12\test12\test12\ASA_Lib.o(ASA_Core_Lib.o)

.debug_macro
 *(.debug_macro)
OUTPUT(test12.elf elf32-avr)
LOAD linker stubs
