Archive member included because of file (symbol)

C:\Users\lenovo\Desktop\C4M\Program\test2\ASA_Lib.o(ASA_Lib_M128.o)
                              test22.o (ASA_M128_set)
C:\Users\lenovo\Desktop\C4M\Program\test2\ASA_Lib.o(ASA_Core_UART.o)
                              C:\Users\lenovo\Desktop\C4M\Program\test2\ASA_Lib.o(ASA_Lib_M128.o) (timer1_set)
C:\Users\lenovo\Desktop\C4M\Program\test2\ASA_Lib.o(ASA_Core_Lib.o)
                              C:\Users\lenovo\Desktop\C4M\Program\test2\ASA_Lib.o(ASA_Lib_M128.o) (ASA_ID_set)
c:/winavr-20100110/bin/../lib/gcc/avr/4.3.3/avr51\libgcc.a(_divmodhi4.o)
                              test22.o (__divmodhi4)
c:/winavr-20100110/bin/../lib/gcc/avr/4.3.3/avr51\libgcc.a(_exit.o)
                              c:/winavr-20100110/bin/../lib/gcc/avr/4.3.3/../../../../avr/lib/avr51/crtm128.o (exit)
c:/winavr-20100110/bin/../lib/gcc/avr/4.3.3/avr51\libgcc.a(_clear_bss.o)
                              C:\Users\lenovo\Desktop\C4M\Program\test2\ASA_Lib.o(ASA_Lib_M128.o) (__do_clear_bss)
c:/winavr-20100110/bin/../lib/gcc/avr/4.3.3/avr51\libgcc.a(_udivmodhi4.o)
                              c:/winavr-20100110/bin/../lib/gcc/avr/4.3.3/avr51\libgcc.a(_divmodhi4.o) (__udivmodhi4)
c:/winavr-20100110/bin/../lib/gcc/avr/4.3.3/../../../../avr/lib/avr51\libc.a(iob.o)
                              C:\Users\lenovo\Desktop\C4M\Program\test2\ASA_Lib.o(ASA_Lib_M128.o) (__iob)
c:/winavr-20100110/bin/../lib/gcc/avr/4.3.3/../../../../avr/lib/avr51\libc.a(printf.o)
                              test22.o (printf)
c:/winavr-20100110/bin/../lib/gcc/avr/4.3.3/../../../../avr/lib/avr51\libc.a(putchar.o)
                              test22.o (putchar)
c:/winavr-20100110/bin/../lib/gcc/avr/4.3.3/../../../../avr/lib/avr51\libc.a(vfprintf_std.o)
                              c:/winavr-20100110/bin/../lib/gcc/avr/4.3.3/../../../../avr/lib/avr51\libc.a(printf.o) (vfprintf)
c:/winavr-20100110/bin/../lib/gcc/avr/4.3.3/../../../../avr/lib/avr51\libc.a(strnlen_P.o)
                              c:/winavr-20100110/bin/../lib/gcc/avr/4.3.3/../../../../avr/lib/avr51\libc.a(vfprintf_std.o) (strnlen_P)
c:/winavr-20100110/bin/../lib/gcc/avr/4.3.3/../../../../avr/lib/avr51\libc.a(strnlen.o)
                              c:/winavr-20100110/bin/../lib/gcc/avr/4.3.3/../../../../avr/lib/avr51\libc.a(vfprintf_std.o) (strnlen)
c:/winavr-20100110/bin/../lib/gcc/avr/4.3.3/../../../../avr/lib/avr51\libc.a(fputc.o)
                              c:/winavr-20100110/bin/../lib/gcc/avr/4.3.3/../../../../avr/lib/avr51\libc.a(putchar.o) (fputc)
c:/winavr-20100110/bin/../lib/gcc/avr/4.3.3/../../../../avr/lib/avr51\libc.a(ultoa_invert.o)
                              c:/winavr-20100110/bin/../lib/gcc/avr/4.3.3/../../../../avr/lib/avr51\libc.a(vfprintf_std.o) (__ultoa_invert)

Allocating common symbols
Common symbol       size              file

ISR_Functioncounter
                    0x1               C:\Users\lenovo\Desktop\C4M\Program\test2\ASA_Lib.o(ASA_Lib_M128.o)
__iob               0x6               c:/winavr-20100110/bin/../lib/gcc/avr/4.3.3/../../../../avr/lib/avr51\libc.a(iob.o)

Memory Configuration

Name             Origin             Length             Attributes
text             0x00000000         0x00020000         xr
data             0x00800060         0x0000ffa0         rw !x
eeprom           0x00810000         0x00010000         rw !x
fuse             0x00820000         0x00000400         rw !x
lock             0x00830000         0x00000400         rw !x
signature        0x00840000         0x00000400         rw !x
*default*        0x00000000         0xffffffff

Linker script and memory map

Address of section .data set to 0x800100
LOAD c:/winavr-20100110/bin/../lib/gcc/avr/4.3.3/../../../../avr/lib/avr51/crtm128.o
LOAD test22.o
LOAD C:\Users\lenovo\Desktop\C4M\Program\test2\ASA_Lib.o
LOAD c:/winavr-20100110/bin/../lib/gcc/avr/4.3.3/avr51\libgcc.a
LOAD c:/winavr-20100110/bin/../lib/gcc/avr/4.3.3/../../../../avr/lib/avr51\libc.a
LOAD c:/winavr-20100110/bin/../lib/gcc/avr/4.3.3/avr51\libgcc.a

.hash
 *(.hash)

.dynsym
 *(.dynsym)

.dynstr
 *(.dynstr)

.gnu.version
 *(.gnu.version)

.gnu.version_d
 *(.gnu.version_d)

.gnu.version_r
 *(.gnu.version_r)

.rel.init
 *(.rel.init)

.rela.init
 *(.rela.init)

.rel.text
 *(.rel.text)
 *(.rel.text.*)
 *(.rel.gnu.linkonce.t*)

.rela.text
 *(.rela.text)
 *(.rela.text.*)
 *(.rela.gnu.linkonce.t*)

.rel.fini
 *(.rel.fini)

.rela.fini
 *(.rela.fini)

.rel.rodata
 *(.rel.rodata)
 *(.rel.rodata.*)
 *(.rel.gnu.linkonce.r*)

.rela.rodata
 *(.rela.rodata)
 *(.rela.rodata.*)
 *(.rela.gnu.linkonce.r*)

.rel.data
 *(.rel.data)
 *(.rel.data.*)
 *(.rel.gnu.linkonce.d*)

.rela.data
 *(.rela.data)
 *(.rela.data.*)
 *(.rela.gnu.linkonce.d*)

.rel.ctors
 *(.rel.ctors)

.rela.ctors
 *(.rela.ctors)

.rel.dtors
 *(.rel.dtors)

.rela.dtors
 *(.rela.dtors)

.rel.got
 *(.rel.got)

.rela.got
 *(.rela.got)

.rel.bss
 *(.rel.bss)

.rela.bss
 *(.rela.bss)

.rel.plt
 *(.rel.plt)

.rela.plt
 *(.rela.plt)

.text           0x00000000     0x220c
 *(.vectors)
 .vectors       0x00000000       0x8c c:/winavr-20100110/bin/../lib/gcc/avr/4.3.3/../../../../avr/lib/avr51/crtm128.o
                0x00000000                __vectors
                0x00000000                __vector_default
 *(.vectors)
 *(.progmem.gcc*)
 *(.progmem*)
                0x0000008c                . = ALIGN (0x2)
                0x0000008c                __trampolines_start = .
 *(.trampolines)
 .trampolines   0x0000008c        0x0 linker stubs
 *(.trampolines*)
                0x0000008c                __trampolines_end = .
 *(.jumptables)
 *(.jumptables*)
 *(.lowtext)
 *(.lowtext*)
                0x0000008c                __ctors_start = .
 *(.ctors)
                0x0000008c                __ctors_end = .
                0x0000008c                __dtors_start = .
 *(.dtors)
                0x0000008c                __dtors_end = .
 SORT(*)(.ctors)
 SORT(*)(.dtors)
 *(.init0)
 .init0         0x0000008c        0x0 c:/winavr-20100110/bin/../lib/gcc/avr/4.3.3/../../../../avr/lib/avr51/crtm128.o
                0x0000008c                __init
 *(.init0)
 *(.init1)
 *(.init1)
 *(.init2)
 .init2         0x0000008c        0xc c:/winavr-20100110/bin/../lib/gcc/avr/4.3.3/../../../../avr/lib/avr51/crtm128.o
 *(.init2)
 *(.init3)
 *(.init3)
 *(.init4)
 .init4         0x00000098       0x1a c:/winavr-20100110/bin/../lib/gcc/avr/4.3.3/../../../../avr/lib/avr51/crtm128.o
                0x00000098                __do_copy_data
 .init4         0x000000b2       0x10 c:/winavr-20100110/bin/../lib/gcc/avr/4.3.3/avr51\libgcc.a(_clear_bss.o)
                0x000000b2                __do_clear_bss
 *(.init4)
 *(.init5)
 *(.init5)
 *(.init6)
 *(.init6)
 *(.init7)
 *(.init7)
 *(.init8)
 *(.init8)
 *(.init9)
 .init9         0x000000c2        0x8 c:/winavr-20100110/bin/../lib/gcc/avr/4.3.3/../../../../avr/lib/avr51/crtm128.o
 *(.init9)
 *(.text)
 .text          0x000000ca        0x4 c:/winavr-20100110/bin/../lib/gcc/avr/4.3.3/../../../../avr/lib/avr51/crtm128.o
                0x000000ca                __vector_22
                0x000000ca                __vector_28
                0x000000ca                __vector_1
                0x000000ca                __vector_34
                0x000000ca                __vector_24
                0x000000ca                __bad_interrupt
                0x000000ca                __vector_6
                0x000000ca                __vector_31
                0x000000ca                __vector_3
                0x000000ca                __vector_23
                0x000000ca                __vector_25
                0x000000ca                __vector_11
                0x000000ca                __vector_13
                0x000000ca                __vector_17
                0x000000ca                __vector_19
                0x000000ca                __vector_7
                0x000000ca                __vector_27
                0x000000ca                __vector_5
                0x000000ca                __vector_33
                0x000000ca                __vector_4
                0x000000ca                __vector_9
                0x000000ca                __vector_2
                0x000000ca                __vector_21
                0x000000ca                __vector_15
                0x000000ca                __vector_29
                0x000000ca                __vector_8
                0x000000ca                __vector_26
                0x000000ca                __vector_14
                0x000000ca                __vector_10
                0x000000ca                __vector_16
                0x000000ca                __vector_18
                0x000000ca                __vector_20
 .text          0x000000ce      0x1c2 test22.o
                0x000000ce                main
 .text          0x00000290      0x450 C:\Users\lenovo\Desktop\C4M\Program\test2\ASA_Lib.o(ASA_Lib_M128.o)
                0x0000034c                DIO_fgt
                0x00000290                stdio_putchar
                0x00000682                ASA_M128_set
                0x000002c4                DIO_fpt
                0x00000494                HMI_Structure_get
                0x000002ac                stdio_getchar
                0x00000624                HMI_Transceiver_put
                0x00000414                HMI_Transceiver_get
                0x0000055c                HMI_Structure_put
 .text          0x000006e0     0x1144 C:\Users\lenovo\Desktop\C4M\Program\test2\ASA_Lib.o(ASA_Core_UART.o)
                0x00000858                __vector_32
                0x000015c4                ASA_UART_put
                0x000008d6                BatchBuffer_clear
                0x000016ee                ASA_UART_set
                0x00000a6a                __vector_12
                0x000007b4                BatchBuffer_get
                0x000006e6                EnUnpk
                0x00000722                RstTimeout
                0x0000072a                BatchBuffer_put
                0x000011ec                ASA_UART_fgt
                0x00000dd4                ASA_RS485_get
                0x000008f0                __vector_30
                0x00000c7e                ASA_RS485_fpt
                0x000006f6                DisUnpk
                0x00000f50                ASA_RS485_put
                0x00000702                timer1_set
                0x00001466                ASA_UART_get
                0x00001098                ASA_RS485_set
                0x000006e0                FrcStSw
                0x000008ce                BatchBuffer_full
                0x00000b1e                ASA_RS485_fgt
                0x0000132e                ASA_UART_fpt
 .text          0x00001824      0x418 C:\Users\lenovo\Desktop\C4M\Program\test2\ASA_Lib.o(ASA_Core_Lib.o)
                0x000018b0                ASA_getchar
                0x000019ac                TWI_TransmitData
                0x00001906                TWI_Start
                0x00001864                UART1_getchar
                0x00001a44                TWI_rd
                0x00001a14                TWI_wr
                0x00001872                SPI_Transfer
                0x0000195a                TWI_SendSLAW
                0x000018f6                PC_getchar
                0x00001830                ASA_ID_set
                0x000018fe                TWI_ERROR
                0x00001984                TWI_SendSLAR
                0x0000184c                UART1_putchar
                0x0000192c                TWI_Stop
                0x00001934                TWI_ReStart
                0x00001a84                TWI_Write
                0x00001b2a                TWI_Read
                0x00001a7e                TWI_initialize
                0x00001886                ASA_putchar
                0x000018ee                PC_putchar
                0x00001824                ASA_ID_check
                0x000019f4                TWI_SendNoAck
                0x0000187c                SPI_Receive
                0x000019d0                TWI_ReceiveData
 .text          0x00001c3c        0x0 c:/winavr-20100110/bin/../lib/gcc/avr/4.3.3/avr51\libgcc.a(_divmodhi4.o)
 .text          0x00001c3c        0x0 c:/winavr-20100110/bin/../lib/gcc/avr/4.3.3/avr51\libgcc.a(_exit.o)
 .text          0x00001c3c        0x0 c:/winavr-20100110/bin/../lib/gcc/avr/4.3.3/avr51\libgcc.a(_clear_bss.o)
 .text          0x00001c3c        0x0 c:/winavr-20100110/bin/../lib/gcc/avr/4.3.3/avr51\libgcc.a(_udivmodhi4.o)
 .text          0x00001c3c        0x0 c:/winavr-20100110/bin/../lib/gcc/avr/4.3.3/../../../../avr/lib/avr51\libc.a(iob.o)
 .text          0x00001c3c        0x0 c:/winavr-20100110/bin/../lib/gcc/avr/4.3.3/../../../../avr/lib/avr51\libc.a(printf.o)
 .text          0x00001c3c        0x0 c:/winavr-20100110/bin/../lib/gcc/avr/4.3.3/../../../../avr/lib/avr51\libc.a(putchar.o)
 .text          0x00001c3c        0x0 c:/winavr-20100110/bin/../lib/gcc/avr/4.3.3/../../../../avr/lib/avr51\libc.a(vfprintf_std.o)
 .text          0x00001c3c        0x0 c:/winavr-20100110/bin/../lib/gcc/avr/4.3.3/../../../../avr/lib/avr51\libc.a(strnlen_P.o)
 .text          0x00001c3c        0x0 c:/winavr-20100110/bin/../lib/gcc/avr/4.3.3/../../../../avr/lib/avr51\libc.a(strnlen.o)
 .text          0x00001c3c        0x0 c:/winavr-20100110/bin/../lib/gcc/avr/4.3.3/../../../../avr/lib/avr51\libc.a(fputc.o)
 .text          0x00001c3c        0x0 c:/winavr-20100110/bin/../lib/gcc/avr/4.3.3/../../../../avr/lib/avr51\libc.a(ultoa_invert.o)
                0x00001c3c                . = ALIGN (0x2)
 *(.text.*)
 .text.libgcc   0x00001c3c       0x26 c:/winavr-20100110/bin/../lib/gcc/avr/4.3.3/avr51\libgcc.a(_divmodhi4.o)
                0x00001c3c                __divmodhi4
                0x00001c3c                _div
 .text.libgcc   0x00001c62        0x0 c:/winavr-20100110/bin/../lib/gcc/avr/4.3.3/avr51\libgcc.a(_exit.o)
 .text.libgcc   0x00001c62        0x0 c:/winavr-20100110/bin/../lib/gcc/avr/4.3.3/avr51\libgcc.a(_clear_bss.o)
 .text.libgcc   0x00001c62       0x28 c:/winavr-20100110/bin/../lib/gcc/avr/4.3.3/avr51\libgcc.a(_udivmodhi4.o)
                0x00001c62                __udivmodhi4
 .text.avr-libc
                0x00001c8a       0x24 c:/winavr-20100110/bin/../lib/gcc/avr/4.3.3/../../../../avr/lib/avr51\libc.a(printf.o)
                0x00001c8a                printf
 .text.avr-libc
                0x00001cae        0xe c:/winavr-20100110/bin/../lib/gcc/avr/4.3.3/../../../../avr/lib/avr51\libc.a(putchar.o)
                0x00001cae                putchar
 .text.avr-libc
                0x00001cbc      0x40c c:/winavr-20100110/bin/../lib/gcc/avr/4.3.3/../../../../avr/lib/avr51\libc.a(vfprintf_std.o)
                0x00001cbc                vfprintf
 .text.avr-libc
                0x000020c8       0x16 c:/winavr-20100110/bin/../lib/gcc/avr/4.3.3/../../../../avr/lib/avr51\libc.a(strnlen_P.o)
                0x000020c8                strnlen_P
 .text.avr-libc
                0x000020de       0x16 c:/winavr-20100110/bin/../lib/gcc/avr/4.3.3/../../../../avr/lib/avr51\libc.a(strnlen.o)
                0x000020de                strnlen
 .text.avr-libc
                0x000020f4       0x58 c:/winavr-20100110/bin/../lib/gcc/avr/4.3.3/../../../../avr/lib/avr51\libc.a(fputc.o)
                0x000020f4                fputc
 .text.avr-libc
                0x0000214c       0xbc c:/winavr-20100110/bin/../lib/gcc/avr/4.3.3/../../../../avr/lib/avr51\libc.a(ultoa_invert.o)
                0x0000214c                __ultoa_invert
                0x00002208                . = ALIGN (0x2)
 *(.fini9)
 .fini9         0x00002208        0x0 c:/winavr-20100110/bin/../lib/gcc/avr/4.3.3/avr51\libgcc.a(_exit.o)
                0x00002208                exit
                0x00002208                _exit
 *(.fini9)
 *(.fini8)
 *(.fini8)
 *(.fini7)
 *(.fini7)
 *(.fini6)
 *(.fini6)
 *(.fini5)
 *(.fini5)
 *(.fini4)
 *(.fini4)
 *(.fini3)
 *(.fini3)
 *(.fini2)
 *(.fini2)
 *(.fini1)
 *(.fini1)
 *(.fini0)
 .fini0         0x00002208        0x4 c:/winavr-20100110/bin/../lib/gcc/avr/4.3.3/avr51\libgcc.a(_exit.o)
 *(.fini0)
                0x0000220c                _etext = .

.data           0x00800100       0x68 load address 0x0000220c
                0x00800100                PROVIDE (__data_start, .)
 *(.data)
 .data          0x00800100        0x0 c:/winavr-20100110/bin/../lib/gcc/avr/4.3.3/../../../../avr/lib/avr51/crtm128.o
 .data          0x00800100       0x12 test22.o
 .data          0x00800112        0xe C:\Users\lenovo\Desktop\C4M\Program\test2\ASA_Lib.o(ASA_Lib_M128.o)
 .data          0x00800120       0x48 C:\Users\lenovo\Desktop\C4M\Program\test2\ASA_Lib.o(ASA_Core_UART.o)
 .data          0x00800168        0x0 C:\Users\lenovo\Desktop\C4M\Program\test2\ASA_Lib.o(ASA_Core_Lib.o)
 .data          0x00800168        0x0 c:/winavr-20100110/bin/../lib/gcc/avr/4.3.3/avr51\libgcc.a(_divmodhi4.o)
 .data          0x00800168        0x0 c:/winavr-20100110/bin/../lib/gcc/avr/4.3.3/avr51\libgcc.a(_exit.o)
 .data          0x00800168        0x0 c:/winavr-20100110/bin/../lib/gcc/avr/4.3.3/avr51\libgcc.a(_clear_bss.o)
 .data          0x00800168        0x0 c:/winavr-20100110/bin/../lib/gcc/avr/4.3.3/avr51\libgcc.a(_udivmodhi4.o)
 .data          0x00800168        0x0 c:/winavr-20100110/bin/../lib/gcc/avr/4.3.3/../../../../avr/lib/avr51\libc.a(iob.o)
 .data          0x00800168        0x0 c:/winavr-20100110/bin/../lib/gcc/avr/4.3.3/../../../../avr/lib/avr51\libc.a(printf.o)
 .data          0x00800168        0x0 c:/winavr-20100110/bin/../lib/gcc/avr/4.3.3/../../../../avr/lib/avr51\libc.a(putchar.o)
 .data          0x00800168        0x0 c:/winavr-20100110/bin/../lib/gcc/avr/4.3.3/../../../../avr/lib/avr51\libc.a(vfprintf_std.o)
 .data          0x00800168        0x0 c:/winavr-20100110/bin/../lib/gcc/avr/4.3.3/../../../../avr/lib/avr51\libc.a(strnlen_P.o)
 .data          0x00800168        0x0 c:/winavr-20100110/bin/../lib/gcc/avr/4.3.3/../../../../avr/lib/avr51\libc.a(strnlen.o)
 .data          0x00800168        0x0 c:/winavr-20100110/bin/../lib/gcc/avr/4.3.3/../../../../avr/lib/avr51\libc.a(fputc.o)
 .data          0x00800168        0x0 c:/winavr-20100110/bin/../lib/gcc/avr/4.3.3/../../../../avr/lib/avr51\libc.a(ultoa_invert.o)
 *(.data*)
 *(.rodata)
 *(.rodata*)
 *(.gnu.linkonce.d*)
                0x00800168                . = ALIGN (0x2)
                0x00800168                _edata = .
                0x00800168                PROVIDE (__data_end, .)

.bss            0x00800168       0x73
                0x00800168                PROVIDE (__bss_start, .)
 *(.bss)
 .bss           0x00800168        0x0 c:/winavr-20100110/bin/../lib/gcc/avr/4.3.3/../../../../avr/lib/avr51/crtm128.o
 .bss           0x00800168        0x0 test22.o
 .bss           0x00800168       0x14 C:\Users\lenovo\Desktop\C4M\Program\test2\ASA_Lib.o(ASA_Lib_M128.o)
                0x00800168                ISR_Functionpointer
 .bss           0x0080017c       0x57 C:\Users\lenovo\Desktop\C4M\Program\test2\ASA_Lib.o(ASA_Core_UART.o)
 .bss           0x008001d3        0x1 C:\Users\lenovo\Desktop\C4M\Program\test2\ASA_Lib.o(ASA_Core_Lib.o)
 .bss           0x008001d4        0x0 c:/winavr-20100110/bin/../lib/gcc/avr/4.3.3/avr51\libgcc.a(_divmodhi4.o)
 .bss           0x008001d4        0x0 c:/winavr-20100110/bin/../lib/gcc/avr/4.3.3/avr51\libgcc.a(_exit.o)
 .bss           0x008001d4        0x0 c:/winavr-20100110/bin/../lib/gcc/avr/4.3.3/avr51\libgcc.a(_clear_bss.o)
 .bss           0x008001d4        0x0 c:/winavr-20100110/bin/../lib/gcc/avr/4.3.3/avr51\libgcc.a(_udivmodhi4.o)
 .bss           0x008001d4        0x0 c:/winavr-20100110/bin/../lib/gcc/avr/4.3.3/../../../../avr/lib/avr51\libc.a(iob.o)
 .bss           0x008001d4        0x0 c:/winavr-20100110/bin/../lib/gcc/avr/4.3.3/../../../../avr/lib/avr51\libc.a(printf.o)
 .bss           0x008001d4        0x0 c:/winavr-20100110/bin/../lib/gcc/avr/4.3.3/../../../../avr/lib/avr51\libc.a(putchar.o)
 .bss           0x008001d4        0x0 c:/winavr-20100110/bin/../lib/gcc/avr/4.3.3/../../../../avr/lib/avr51\libc.a(vfprintf_std.o)
 .bss           0x008001d4        0x0 c:/winavr-20100110/bin/../lib/gcc/avr/4.3.3/../../../../avr/lib/avr51\libc.a(strnlen_P.o)
 .bss           0x008001d4        0x0 c:/winavr-20100110/bin/../lib/gcc/avr/4.3.3/../../../../avr/lib/avr51\libc.a(strnlen.o)
 .bss           0x008001d4        0x0 c:/winavr-20100110/bin/../lib/gcc/avr/4.3.3/../../../../avr/lib/avr51\libc.a(fputc.o)
 .bss           0x008001d4        0x0 c:/winavr-20100110/bin/../lib/gcc/avr/4.3.3/../../../../avr/lib/avr51\libc.a(ultoa_invert.o)
 *(.bss*)
 *(COMMON)
 COMMON         0x008001d4        0x1 C:\Users\lenovo\Desktop\C4M\Program\test2\ASA_Lib.o(ASA_Lib_M128.o)
                0x008001d4                ISR_Functioncounter
 COMMON         0x008001d5        0x6 c:/winavr-20100110/bin/../lib/gcc/avr/4.3.3/../../../../avr/lib/avr51\libc.a(iob.o)
                0x008001d5                __iob
                0x008001db                PROVIDE (__bss_end, .)
                0x0000220c                __data_load_start = LOADADDR (.data)
                0x00002274                __data_load_end = (__data_load_start + SIZEOF (.data))

.noinit         0x008001db        0x0
                0x008001db                PROVIDE (__noinit_start, .)
 *(.noinit*)
                0x008001db                PROVIDE (__noinit_end, .)
                0x008001db                _end = .
                0x008001db                PROVIDE (__heap_start, .)

.eeprom         0x00810000        0x0
 *(.eeprom*)
                0x00810000                __eeprom_end = .

.fuse
 *(.fuse)
 *(.lfuse)
 *(.hfuse)
 *(.efuse)

.lock
 *(.lock*)

.signature
 *(.signature*)

.stab
 *(.stab)

.stabstr
 *(.stabstr)

.stab.excl
 *(.stab.excl)

.stab.exclstr
 *(.stab.exclstr)

.stab.index
 *(.stab.index)

.stab.indexstr
 *(.stab.indexstr)

.comment
 *(.comment)

.debug
 *(.debug)

.line
 *(.line)

.debug_srcinfo
 *(.debug_srcinfo)

.debug_sfnames
 *(.debug_sfnames)

.debug_aranges  0x00000000       0x80
 *(.debug_aranges)
 .debug_aranges
                0x00000000       0x20 test22.o
 .debug_aranges
                0x00000020       0x20 C:\Users\lenovo\Desktop\C4M\Program\test2\ASA_Lib.o(ASA_Lib_M128.o)
 .debug_aranges
                0x00000040       0x20 C:\Users\lenovo\Desktop\C4M\Program\test2\ASA_Lib.o(ASA_Core_UART.o)
 .debug_aranges
                0x00000060       0x20 C:\Users\lenovo\Desktop\C4M\Program\test2\ASA_Lib.o(ASA_Core_Lib.o)

.debug_pubnames
                0x00000000      0x41a
 *(.debug_pubnames)
 .debug_pubnames
                0x00000000       0x1b test22.o
 .debug_pubnames
                0x0000001b       0xeb C:\Users\lenovo\Desktop\C4M\Program\test2\ASA_Lib.o(ASA_Lib_M128.o)
 .debug_pubnames
                0x00000106      0x185 C:\Users\lenovo\Desktop\C4M\Program\test2\ASA_Lib.o(ASA_Core_UART.o)
 .debug_pubnames
                0x0000028b      0x18f C:\Users\lenovo\Desktop\C4M\Program\test2\ASA_Lib.o(ASA_Core_Lib.o)

.debug_info     0x00000000     0x1c75
 *(.debug_info)
 .debug_info    0x00000000       0xb5 test22.o
 .debug_info    0x000000b5      0x4d0 C:\Users\lenovo\Desktop\C4M\Program\test2\ASA_Lib.o(ASA_Lib_M128.o)
 .debug_info    0x00000585      0xe9e C:\Users\lenovo\Desktop\C4M\Program\test2\ASA_Lib.o(ASA_Core_UART.o)
 .debug_info    0x00001423      0x852 C:\Users\lenovo\Desktop\C4M\Program\test2\ASA_Lib.o(ASA_Core_Lib.o)
 *(.gnu.linkonce.wi.*)

.debug_abbrev   0x00000000      0x661
 *(.debug_abbrev)
 .debug_abbrev  0x00000000       0x68 test22.o
 .debug_abbrev  0x00000068      0x17a C:\Users\lenovo\Desktop\C4M\Program\test2\ASA_Lib.o(ASA_Lib_M128.o)
 .debug_abbrev  0x000001e2      0x24b C:\Users\lenovo\Desktop\C4M\Program\test2\ASA_Lib.o(ASA_Core_UART.o)
 .debug_abbrev  0x0000042d      0x234 C:\Users\lenovo\Desktop\C4M\Program\test2\ASA_Lib.o(ASA_Core_Lib.o)

.debug_line     0x00000000     0x1a0d
 *(.debug_line)
 .debug_line    0x00000000      0x11b test22.o
 .debug_line    0x0000011b      0x485 C:\Users\lenovo\Desktop\C4M\Program\test2\ASA_Lib.o(ASA_Lib_M128.o)
 .debug_line    0x000005a0      0xdc6 C:\Users\lenovo\Desktop\C4M\Program\test2\ASA_Lib.o(ASA_Core_UART.o)
 .debug_line    0x00001366      0x6a7 C:\Users\lenovo\Desktop\C4M\Program\test2\ASA_Lib.o(ASA_Core_Lib.o)

.debug_frame    0x00000000      0x3c0
 *(.debug_frame)
 .debug_frame   0x00000000       0x20 test22.o
 .debug_frame   0x00000020       0xa0 C:\Users\lenovo\Desktop\C4M\Program\test2\ASA_Lib.o(ASA_Lib_M128.o)
 .debug_frame   0x000000c0      0x170 C:\Users\lenovo\Desktop\C4M\Program\test2\ASA_Lib.o(ASA_Core_UART.o)
 .debug_frame   0x00000230      0x190 C:\Users\lenovo\Desktop\C4M\Program\test2\ASA_Lib.o(ASA_Core_Lib.o)

.debug_str      0x00000000      0x65c
 *(.debug_str)
 .debug_str     0x00000000       0x82 test22.o
                                 0xbb (size before relaxing)
 .debug_str     0x00000082      0x17f C:\Users\lenovo\Desktop\C4M\Program\test2\ASA_Lib.o(ASA_Lib_M128.o)
                                0x217 (size before relaxing)
 .debug_str     0x00000201      0x27f C:\Users\lenovo\Desktop\C4M\Program\test2\ASA_Lib.o(ASA_Core_UART.o)
                                0x32c (size before relaxing)
 .debug_str     0x00000480      0x1dc C:\Users\lenovo\Desktop\C4M\Program\test2\ASA_Lib.o(ASA_Core_Lib.o)
                                0x285 (size before relaxing)

.debug_loc      0x00000000     0x174f
 *(.debug_loc)
 .debug_loc     0x00000000       0x38 test22.o
 .debug_loc     0x00000038      0x5a7 C:\Users\lenovo\Desktop\C4M\Program\test2\ASA_Lib.o(ASA_Lib_M128.o)
 .debug_loc     0x000005df      0xcfa C:\Users\lenovo\Desktop\C4M\Program\test2\ASA_Lib.o(ASA_Core_UART.o)
 .debug_loc     0x000012d9      0x476 C:\Users\lenovo\Desktop\C4M\Program\test2\ASA_Lib.o(ASA_Core_Lib.o)

.debug_macinfo
 *(.debug_macinfo)
OUTPUT(test22.elf elf32-avr)
LOAD linker stubs

.debug_ranges   0x00000000       0x18
 .debug_ranges  0x00000000       0x18 C:\Users\lenovo\Desktop\C4M\Program\test2\ASA_Lib.o(ASA_Core_Lib.o)
